Archive member included to satisfy reference by file (symbol)

c:/renesas/ra/e2studio_v2021-10_fsp_v3.5.0/toolchains/gcc_arm/gcc-arm-none-eabi-10.3-2021.10/bin/../lib/gcc/arm-none-eabi/10.3.1/../../../../arm-none-eabi/lib/thumb/v7e-m+fp/hard\libg_nano.a(lib_a-calloc.o)
                              ./src/g_DataStructure.o (calloc)
c:/renesas/ra/e2studio_v2021-10_fsp_v3.5.0/toolchains/gcc_arm/gcc-arm-none-eabi-10.3-2021.10/bin/../lib/gcc/arm-none-eabi/10.3.1/../../../../arm-none-eabi/lib/thumb/v7e-m+fp/hard\libg_nano.a(lib_a-errno.o)
                              ./ra/fsp/src/bsp/mcu/all/bsp_sbrk.o (__errno)
c:/renesas/ra/e2studio_v2021-10_fsp_v3.5.0/toolchains/gcc_arm/gcc-arm-none-eabi-10.3-2021.10/bin/../lib/gcc/arm-none-eabi/10.3.1/../../../../arm-none-eabi/lib/thumb/v7e-m+fp/hard\libg_nano.a(lib_a-exit.o)
                              c:/renesas/ra/e2studio_v2021-10_fsp_v3.5.0/toolchains/gcc_arm/gcc-arm-none-eabi-10.3-2021.10/bin/../lib/gcc/arm-none-eabi/10.3.1/../../../../arm-none-eabi/lib/thumb/v7e-m+fp/hard/rdimon-crt0.o (exit)
c:/renesas/ra/e2studio_v2021-10_fsp_v3.5.0/toolchains/gcc_arm/gcc-arm-none-eabi-10.3-2021.10/bin/../lib/gcc/arm-none-eabi/10.3.1/../../../../arm-none-eabi/lib/thumb/v7e-m+fp/hard\libg_nano.a(lib_a-impure.o)
                              c:/renesas/ra/e2studio_v2021-10_fsp_v3.5.0/toolchains/gcc_arm/gcc-arm-none-eabi-10.3-2021.10/bin/../lib/gcc/arm-none-eabi/10.3.1/../../../../arm-none-eabi/lib/thumb/v7e-m+fp/hard\libg_nano.a(lib_a-exit.o) (_global_impure_ptr)
c:/renesas/ra/e2studio_v2021-10_fsp_v3.5.0/toolchains/gcc_arm/gcc-arm-none-eabi-10.3-2021.10/bin/../lib/gcc/arm-none-eabi/10.3.1/../../../../arm-none-eabi/lib/thumb/v7e-m+fp/hard\libg_nano.a(lib_a-init.o)
                              c:/renesas/ra/e2studio_v2021-10_fsp_v3.5.0/toolchains/gcc_arm/gcc-arm-none-eabi-10.3-2021.10/bin/../lib/gcc/arm-none-eabi/10.3.1/../../../../arm-none-eabi/lib/thumb/v7e-m+fp/hard/rdimon-crt0.o (__libc_init_array)
c:/renesas/ra/e2studio_v2021-10_fsp_v3.5.0/toolchains/gcc_arm/gcc-arm-none-eabi-10.3-2021.10/bin/../lib/gcc/arm-none-eabi/10.3.1/../../../../arm-none-eabi/lib/thumb/v7e-m+fp/hard\libg_nano.a(lib_a-malloc.o)
                              ./src/g_DataStructure.o (free)
c:/renesas/ra/e2studio_v2021-10_fsp_v3.5.0/toolchains/gcc_arm/gcc-arm-none-eabi-10.3-2021.10/bin/../lib/gcc/arm-none-eabi/10.3.1/../../../../arm-none-eabi/lib/thumb/v7e-m+fp/hard\libg_nano.a(lib_a-memcpy-stub.o)
                              ./src/g_Ethernet.o (memcpy)
c:/renesas/ra/e2studio_v2021-10_fsp_v3.5.0/toolchains/gcc_arm/gcc-arm-none-eabi-10.3-2021.10/bin/../lib/gcc/arm-none-eabi/10.3.1/../../../../arm-none-eabi/lib/thumb/v7e-m+fp/hard\libg_nano.a(lib_a-memset.o)
                              c:/renesas/ra/e2studio_v2021-10_fsp_v3.5.0/toolchains/gcc_arm/gcc-arm-none-eabi-10.3-2021.10/bin/../lib/gcc/arm-none-eabi/10.3.1/../../../../arm-none-eabi/lib/thumb/v7e-m+fp/hard/rdimon-crt0.o (memset)
c:/renesas/ra/e2studio_v2021-10_fsp_v3.5.0/toolchains/gcc_arm/gcc-arm-none-eabi-10.3-2021.10/bin/../lib/gcc/arm-none-eabi/10.3.1/../../../../arm-none-eabi/lib/thumb/v7e-m+fp/hard\libg_nano.a(lib_a-nano-callocr.o)
                              c:/renesas/ra/e2studio_v2021-10_fsp_v3.5.0/toolchains/gcc_arm/gcc-arm-none-eabi-10.3-2021.10/bin/../lib/gcc/arm-none-eabi/10.3.1/../../../../arm-none-eabi/lib/thumb/v7e-m+fp/hard\libg_nano.a(lib_a-calloc.o) (_calloc_r)
c:/renesas/ra/e2studio_v2021-10_fsp_v3.5.0/toolchains/gcc_arm/gcc-arm-none-eabi-10.3-2021.10/bin/../lib/gcc/arm-none-eabi/10.3.1/../../../../arm-none-eabi/lib/thumb/v7e-m+fp/hard\libg_nano.a(lib_a-nano-freer.o)
                              c:/renesas/ra/e2studio_v2021-10_fsp_v3.5.0/toolchains/gcc_arm/gcc-arm-none-eabi-10.3-2021.10/bin/../lib/gcc/arm-none-eabi/10.3.1/../../../../arm-none-eabi/lib/thumb/v7e-m+fp/hard\libg_nano.a(lib_a-malloc.o) (_free_r)
c:/renesas/ra/e2studio_v2021-10_fsp_v3.5.0/toolchains/gcc_arm/gcc-arm-none-eabi-10.3-2021.10/bin/../lib/gcc/arm-none-eabi/10.3.1/../../../../arm-none-eabi/lib/thumb/v7e-m+fp/hard\libg_nano.a(lib_a-nano-mallocr.o)
                              c:/renesas/ra/e2studio_v2021-10_fsp_v3.5.0/toolchains/gcc_arm/gcc-arm-none-eabi-10.3-2021.10/bin/../lib/gcc/arm-none-eabi/10.3.1/../../../../arm-none-eabi/lib/thumb/v7e-m+fp/hard\libg_nano.a(lib_a-malloc.o) (_malloc_r)
c:/renesas/ra/e2studio_v2021-10_fsp_v3.5.0/toolchains/gcc_arm/gcc-arm-none-eabi-10.3-2021.10/bin/../lib/gcc/arm-none-eabi/10.3.1/../../../../arm-none-eabi/lib/thumb/v7e-m+fp/hard\libg_nano.a(lib_a-sbrkr.o)
                              c:/renesas/ra/e2studio_v2021-10_fsp_v3.5.0/toolchains/gcc_arm/gcc-arm-none-eabi-10.3-2021.10/bin/../lib/gcc/arm-none-eabi/10.3.1/../../../../arm-none-eabi/lib/thumb/v7e-m+fp/hard\libg_nano.a(lib_a-nano-mallocr.o) (_sbrk_r)
c:/renesas/ra/e2studio_v2021-10_fsp_v3.5.0/toolchains/gcc_arm/gcc-arm-none-eabi-10.3-2021.10/bin/../lib/gcc/arm-none-eabi/10.3.1/../../../../arm-none-eabi/lib/thumb/v7e-m+fp/hard\libg_nano.a(lib_a-mlock.o)
[...]
Memory Configuration

Name             Origin             Length             Attributes
FLASH            0x00000000         0x00200000         xr
RAM              0x1ffe0000         0x000a0000         xrw
DATA_FLASH       0x40100000         0x00010000         xr
QSPI_FLASH       0x60000000         0x04000000         xr
OSPI_DEVICE_0    0x68000000         0x00000000         xr
OSPI_DEVICE_1    0x70000000         0x00000000         xr
OSPI_DEVICE_0_RAM 0x68000000         0x00000000         xrw
OSPI_DEVICE_1_RAM 0x70000000         0x00000000         xrw
SDRAM            0x90000000         0x08000000         xrw
OPTION_SETTING   0x00000000         0x00000000         r
OPTION_SETTING_S 0x00000000         0x00000000         r
ID_CODE          0x0100a150         0x00000010         xr
*default*        0x00000000         0xffffffff

Linker script and memory map

LOAD c:/renesas/ra/e2studio_v2021-10_fsp_v3.5.0/toolchains/gcc_arm/gcc-arm-none-eabi-10.3-2021.10/bin/../lib/gcc/arm-none-eabi/10.3.1/thumb/v7e-m+fp/hard/crti.o
LOAD c:/renesas/ra/e2studio_v2021-10_fsp_v3.5.0/toolchains/gcc_arm/gcc-arm-none-eabi-10.3-2021.10/bin/../lib/gcc/arm-none-eabi/10.3.1/thumb/v7e-m+fp/hard/crtbegin.o
LOAD c:/renesas/ra/e2studio_v2021-10_fsp_v3.5.0/toolchains/gcc_arm/gcc-arm-none-eabi-10.3-2021.10/bin/../lib/gcc/arm-none-eabi/10.3.1/../../../../arm-none-eabi/lib/thumb/v7e-m+fp/hard/rdimon-crt0.o
START GROUP
LOAD ./src/g_DataStructure.o
LOAD ./src/g_DeviceDriver.o
LOAD ./src/g_Ethernet.o
LOAD ./src/g_TSN_TAS.o
LOAD ./src/hal_entry.o
LOAD ./ra_gen/common_data.o
LOAD ./ra_gen/hal_data.o
LOAD ./ra_gen/main.o
LOAD ./ra_gen/pin_data.o
LOAD ./ra_gen/vector_data.o
LOAD ./ra/fsp/src/r_ioport/r_ioport.o
LOAD ./ra/fsp/src/r_icu/r_icu.o
LOAD ./ra/fsp/src/r_ether_phy/targets/KSZ8091RNB/r_ether_phy_target_ksz8091rnb.o
LOAD ./ra/fsp/src/r_ether_phy/targets/KSZ8041/r_ether_phy_target_ksz8041.o
LOAD ./ra/fsp/src/r_ether_phy/targets/DP83620/r_ether_phy_target_dp83620.o
LOAD ./ra/fsp/src/r_ether_phy/r_ether_phy.o
LOAD ./ra/fsp/src/r_ether/r_ether.o
LOAD ./ra/fsp/src/r_agt/r_agt.o
LOAD ./ra/fsp/src/bsp/mcu/all/bsp_clocks.o
LOAD ./ra/fsp/src/bsp/mcu/all/bsp_common.o
LOAD ./ra/fsp/src/bsp/mcu/all/bsp_delay.o
LOAD ./ra/fsp/src/bsp/mcu/all/bsp_group_irq.o
LOAD ./ra/fsp/src/bsp/mcu/all/bsp_guard.o
LOAD ./ra/fsp/src/bsp/mcu/all/bsp_io.o
LOAD ./ra/fsp/src/bsp/mcu/all/bsp_irq.o
LOAD ./ra/fsp/src/bsp/mcu/all/bsp_register_protection.o
LOAD ./ra/fsp/src/bsp/mcu/all/bsp_rom_registers.o
LOAD ./ra/fsp/src/bsp/mcu/all/bsp_sbrk.o
LOAD ./ra/fsp/src/bsp/mcu/all/bsp_security.o
LOAD ./ra/fsp/src/bsp/cmsis/Device/RENESAS/Source/startup.o
LOAD ./ra/fsp/src/bsp/cmsis/Device/RENESAS/Source/system.o
END GROUP
START GROUP
LOAD c:/renesas/ra/e2studio_v2021-10_fsp_v3.5.0/toolchains/gcc_arm/gcc-arm-none-eabi-10.3-2021.10/bin/../lib/gcc/arm-none-eabi/10.3.1/thumb/v7e-m+fp/hard\libgcc.a
LOAD c:/renesas/ra/e2studio_v2021-10_fsp_v3.5.0/toolchains/gcc_arm/gcc-arm-none-eabi-10.3-2021.10/bin/../lib/gcc/arm-none-eabi/10.3.1/../../../../arm-none-eabi/lib/thumb/v7e-m+fp/hard\libg_nano.a
LOAD c:/renesas/ra/e2studio_v2021-10_fsp_v3.5.0/toolchains/gcc_arm/gcc-arm-none-eabi-10.3-2021.10/bin/../lib/gcc/arm-none-eabi/10.3.1/../../../../arm-none-eabi/lib/thumb/v7e-m+fp/hard\libc_nano.a
END GROUP
START GROUP
LOAD c:/renesas/ra/e2studio_v2021-10_fsp_v3.5.0/toolchains/gcc_arm/gcc-arm-none-eabi-10.3-2021.10/bin/../lib/gcc/arm-none-eabi/10.3.1/thumb/v7e-m+fp/hard\libgcc.a
LOAD c:/renesas/ra/e2studio_v2021-10_fsp_v3.5.0/toolchains/gcc_arm/gcc-arm-none-eabi-10.3-2021.10/bin/../lib/gcc/arm-none-eabi/10.3.1/../../../../arm-none-eabi/lib/thumb/v7e-m+fp/hard\libc_nano.a
LOAD c:/renesas/ra/e2studio_v2021-10_fsp_v3.5.0/toolchains/gcc_arm/gcc-arm-none-eabi-10.3-2021.10/bin/../lib/gcc/arm-none-eabi/10.3.1/../../../../arm-none-eabi/lib/thumb/v7e-m+fp/hard\librdimon_nano.a
END GROUP
START GROUP
LOAD c:/renesas/ra/e2studio_v2021-10_fsp_v3.5.0/toolchains/gcc_arm/gcc-arm-none-eabi-10.3-2021.10/bin/../lib/gcc/arm-none-eabi/10.3.1/thumb/v7e-m+fp/hard\libgcc.a
LOAD c:/renesas/ra/e2studio_v2021-10_fsp_v3.5.0/toolchains/gcc_arm/gcc-arm-none-eabi-10.3-2021.10/bin/../lib/gcc/arm-none-eabi/10.3.1/../../../../arm-none-eabi/lib/thumb/v7e-m+fp/hard\libc_nano.a
LOAD c:/renesas/ra/e2studio_v2021-10_fsp_v3.5.0/toolchains/gcc_arm/gcc-arm-none-eabi-10.3-2021.10/bin/../lib/gcc/arm-none-eabi/10.3.1/../../../../arm-none-eabi/lib/thumb/v7e-m+fp/hard\librdimon_nano.a
END GROUP
LOAD c:/renesas/ra/e2studio_v2021-10_fsp_v3.5.0/toolchains/gcc_arm/gcc-arm-none-eabi-10.3-2021.10/bin/../lib/gcc/arm-none-eabi/10.3.1/thumb/v7e-m+fp/hard/crtend.o
LOAD c:/renesas/ra/e2studio_v2021-10_fsp_v3.5.0/toolchains/gcc_arm/gcc-arm-none-eabi-10.3-2021.10/bin/../lib/gcc/arm-none-eabi/10.3.1/thumb/v7e-m+fp/hard/crtn.o
                0x1ffe0000                RAM_START = 0x1ffe0000
                0x000a0000                RAM_LENGTH = 0xa0000
                0x00000000                FLASH_START = 0x0
                0x00200000                FLASH_LENGTH = 0x200000
                0x40100000                DATA_FLASH_START = 0x40100000
                0x00010000                DATA_FLASH_LENGTH = 0x10000
                0x00000000                OPTION_SETTING_START = 0x0
                0x00000000                OPTION_SETTING_LENGTH = 0x0
                0x00000000                OPTION_SETTING_S_START = 0x0
                0x00000000                OPTION_SETTING_S_LENGTH = 0x0
                0x0100a150                ID_CODE_START = 0x100a150
                0x00000010                ID_CODE_LENGTH = 0x10
                0x90000000                SDRAM_START = 0x90000000
                0x08000000                SDRAM_LENGTH = 0x8000000
                0x60000000                QSPI_FLASH_START = 0x60000000
                0x04000000                QSPI_FLASH_LENGTH = 0x4000000
                0x68000000                OSPI_DEVICE_0_START = 0x68000000
                0x00000000                OSPI_DEVICE_0_LENGTH = 0x0
                0x70000000                OSPI_DEVICE_1_START = 0x70000000
                0x00000000                OSPI_DEVICE_1_LENGTH = 0x0
                0x00000c20                RAM_NS_BUFFER_LENGTH = 0xc20
                0x04000000                QSPI_FLASH_PRV_LENGTH = DEFINED (QSPI_FLASH_SIZE)?ABSOLUTE (QSPI_FLASH_SIZE):ABSOLUTE (QSPI_FLASH_LENGTH)
                0x00000000                OSPI_DEVICE_0_PRV_LENGTH = DEFINED (OSPI_DEVICE_0_SIZE)?ABSOLUTE (OSPI_DEVICE_0_SIZE):ABSOLUTE (OSPI_DEVICE_0_LENGTH)
                0x00000000                OSPI_DEVICE_1_PRV_LENGTH = DEFINED (OSPI_DEVICE_1_SIZE)?ABSOLUTE (OSPI_DEVICE_1_SIZE):ABSOLUTE (OSPI_DEVICE_1_LENGTH)
                0x00000000                __RESERVE_NS_RAM = ((! (DEFINED (PROJECT_NONSECURE)) && DEFINED (RAM_NS_BUFFER_LENGTH)) && (OPTION_SETTING_S_LENGTH != 0x0))
                0x00002000                RAM_NS_BUFFER_BLOCK_LENGTH = DEFINED (RAM_NS_BUFFER_LENGTH)?ALIGN (RAM_NS_BUFFER_LENGTH, 0x2000):0x0
                0x00000c20                RAM_NS_BUFFER_LENGTH = DEFINED (RAM_NS_BUFFER_LENGTH)?RAM_NS_BUFFER_LENGTH:0x0
                0x2007f3e0                RAM_NS_BUFFER_START = ((RAM_START + RAM_LENGTH) - RAM_NS_BUFFER_LENGTH)
                0x2007e000                RAM_NS_BUFFER_BLOCK_START = ((RAM_START + RAM_LENGTH) - RAM_NS_BUFFER_BLOCK_LENGTH)
                0x0100a180                OPTION_SETTING_START_NS = 0x100a180
                0x00000001                __bl_FSP_BOOTABLE_IMAGE = 0x1
                0x00000001                __bln_FSP_BOOTABLE_IMAGE = 0x1
                0x00000000                PROJECT_SECURE_OR_FLAT = ((! (DEFINED (PROJECT_NONSECURE)) && OPTION_SETTING_LENGTH) && ! (DEFINED (FSP_BOOTABLE_IMAGE)))
                0x00000000                USE_OPTION_SETTING_NS = (DEFINED (PROJECT_NONSECURE) && ! (DEFINED (FSP_BOOTABLE_IMAGE)))
                0x00000000                __bl_FLASH_IMAGE_START = ! (DEFINED (FLASH_BOOTLOADER_LENGTH))?0x0:(FLASH_APPLICATION_IMAGE_NUMBER == 0x1)?(FLASH_BOOTLOADER_LENGTH + FLASH_BOOTLOADER_HEADER_LENGTH):(((FLASH_BOOTLOADER_LENGTH + FLASH_BOOTLOADER_SCRATCH_LENGTH) + FLASH_APPLICATION_S_LENGTH) + FLASH_BOOTLOADER_HEADER_LENGTH)
                0x00000000                __bl_FLASH_IMAGE_LENGTH = ! (DEFINED (FLASH_BOOTLOADER_LENGTH))?0x0:(FLASH_APPLICATION_S_LENGTH - FLASH_BOOTLOADER_HEADER_LENGTH)
                0x00000000                __bl_FLASH_IMAGE_END = (__bl_FLASH_IMAGE_START + __bl_FLASH_IMAGE_LENGTH)
                0x00000000                __bl_FLASH_NS_START = ! (DEFINED (FLASH_BOOTLOADER_LENGTH))?0x0:(FLASH_APPLICATION_NS_LENGTH == 0x0)?__bl_FLASH_IMAGE_END:((__bl_FLASH_IMAGE_START - FLASH_BOOTLOADER_HEADER_LENGTH) + FLASH_APPLICATION_S_LENGTH)
                0x00000000                __bl_FLASH_NSC_START = ! (DEFINED (FLASH_BOOTLOADER_LENGTH))?0x0:(FLASH_APPLICATION_NS_LENGTH == 0x0)?__bl_FLASH_IMAGE_END:(__bl_FLASH_NS_START - FLASH_APPLICATION_NSC_LENGTH)
                0x00000000                __bl_RAM_NS_START = ! (DEFINED (FLASH_BOOTLOADER_LENGTH))?0x0:(FLASH_APPLICATION_NS_LENGTH == 0x0)?(RAM_START + RAM_LENGTH):((RAM_START + RAM_LENGTH) - RAM_APPLICATION_NS_LENGTH)
                0x00000000                __bl_RAM_NSC_START = ! (DEFINED (FLASH_BOOTLOADER_LENGTH))?0x0:(FLASH_APPLICATION_NS_LENGTH == 0x0)?(RAM_START + RAM_LENGTH):(__bl_RAM_NS_START - RAM_APPLICATION_NSC_LENGTH)
                0x00000000                __bl_FLASH_NS_IMAGE_START = ! (DEFINED (FLASH_BOOTLOADER_LENGTH))?0x0:(FLASH_APPLICATION_NS_LENGTH == 0x0)?__bl_FLASH_IMAGE_END:(__bl_FLASH_NS_START + FLASH_BOOTLOADER_HEADER_LENGTH_2)
                0x00000000                __bln_FLASH_IMAGE_START = __bl_FLASH_NS_IMAGE_START
                0x00000000                __bln_FLASH_IMAGE_LENGTH = ! (DEFINED (FLASH_BOOTLOADER_LENGTH))?0x0:(FLASH_APPLICATION_NS_LENGTH == 0x0)?__bl_FLASH_IMAGE_END:(FLASH_APPLICATION_NS_LENGTH - FLASH_BOOTLOADER_HEADER_LENGTH_2)
                0x00000000                FLASH_ORIGIN = DEFINED (FLASH_IMAGE_START)?FLASH_IMAGE_START:FLASH_START
                0x00200000                LIMITED_FLASH_LENGTH = DEFINED (FLASH_IMAGE_LENGTH)?FLASH_IMAGE_LENGTH:DEFINED (FLASH_BOOTLOADER_LENGTH)?FLASH_BOOTLOADER_LENGTH:FLASH_LENGTH
START GROUP
LOAD c:/renesas/ra/e2studio_v2021-10_fsp_v3.5.0/toolchains/gcc_arm/gcc-arm-none-eabi-10.3-2021.10/bin/../lib/gcc/arm-none-eabi/10.3.1/thumb/v7e-m+fp/hard\libgcc.a
LOAD c:/renesas/ra/e2studio_v2021-10_fsp_v3.5.0/toolchains/gcc_arm/gcc-arm-none-eabi-10.3-2021.10/bin/../lib/gcc/arm-none-eabi/10.3.1/../../../../arm-none-eabi/lib/thumb/v7e-m+fp/hard\libc.a
LOAD c:/renesas/ra/e2studio_v2021-10_fsp_v3.5.0/toolchains/gcc_arm/gcc-arm-none-eabi-10.3-2021.10/bin/../lib/gcc/arm-none-eabi/10.3.1/../../../../arm-none-eabi/lib/thumb/v7e-m+fp/hard\libm.a
LOAD c:/renesas/ra/e2studio_v2021-10_fsp_v3.5.0/toolchains/gcc_arm/gcc-arm-none-eabi-10.3-2021.10/bin/../lib/gcc/arm-none-eabi/10.3.1/../../../../arm-none-eabi/lib/thumb/v7e-m+fp/hard\libnosys.a
END GROUP

.text           0x00000000     0x29e0
                0x00000000                __tz_FLASH_S = ABSOLUTE (FLASH_START)
                0x00000000                __ROM_Start = .
 *(.fixed_vectors*)
 .fixed_vectors
                0x00000000       0x40 ./ra/fsp/src/bsp/cmsis/Device/RENESAS/Source/startup.o
                0x00000000                __Vectors
 *(.application_vectors*)
 .application_vectors
                0x00000040      0x180 ./ra_gen/vector_data.o
                0x00000040                g_vector_table
                0x000001c0                __Vectors_End = .
                0x00000400                . = (OPTION_SETTING_LENGTH > 0x0)?.:(__ROM_Start + 0x400)
 *fill*         0x000001c0      0x240 ff
 *(.rom_registers*)
 .rom_registers
                0x00000400       0x3c ./ra/fsp/src/bsp/mcu/all/bsp_rom_registers.o
                0x00000500                . = (OPTION_SETTING_LENGTH > 0x0)?.:(__ROM_Start + 0x500)
 *fill*         0x0000043c       0xc4 ff
                0x00000500                . = ALIGN (0x80)
 *(.mcuboot_sce9_key*)
 *(.text*)
 .text          0x00000500       0x40 c:/renesas/ra/e2studio_v2021-10_fsp_v3.5.0/toolchains/gcc_arm/gcc-arm-none-eabi-10.3-2021.10/bin/../lib/gcc/arm-none-eabi/10.3.1/thumb/v7e-m+fp/hard/crtbegin.o
 .text.RQ_Initial
                0x00000540       0x48 ./src/g_DataStructure.o
                0x00000540                RQ_Initial
 .text.RQ_enqueue
                0x00000588       0x70 ./src/g_DataStructure.o
                0x00000588                RQ_enqueue
 .text.RQ_dequeue
                0x000005f8       0xb4 ./src/g_DataStructure.o
                0x000005f8                RQ_dequeue
 .text.R_IRQ_Initial_Setting
                0x000006ac       0x68 ./src/g_DeviceDriver.o
                0x000006ac                R_IRQ_Initial_Setting
 .text.pDevice_Driver
                0x00000714       0x24 ./src/g_DeviceDriver.o
                0x00000714                pDevice_Driver
 .text.R_Ethernet_Initial
                0x00000738       0x34 ./src/g_Ethernet.o
                0x00000738                R_Ethernet_Initial
 .text.getEthernetFrame
                0x0000076c       0x84 ./src/g_Ethernet.o
                0x0000076c                getEthernetFrame
 .text.setEthernetFrame
                0x000007f0       0x74 ./src/g_Ethernet.o
                0x000007f0                setEthernetFrame
 .text.TSN_TAS_Gate_Mode_Select
                0x00000864       0x40 ./src/g_TSN_TAS.o
                0x00000864                TSN_TAS_Gate_Mode_Select
 .text.TSN_TAS_Gate_Control
                0x000008a4       0x78 ./src/g_TSN_TAS.o
                0x000008a4                TSN_TAS_Gate_Control
 .text.TSN_TAS_Preemption
                0x0000091c      0x14c ./src/g_TSN_TAS.o
                0x0000091c                TSN_TAS_Preemption
 .text.setEthFrame
                0x00000a68       0x44 ./src/hal_entry.o
                0x00000a68                setEthFrame
 .text.hal_entry
                0x00000aac      0x128 ./src/hal_entry.o
                0x00000aac                hal_entry
 .text.R_AGT0_Interrupt
                0x00000bd4       0x3c ./src/hal_entry.o
                0x00000bd4                R_AGT0_Interrupt
 .text.R_External_Interrupt
                0x00000c10       0xb4 ./src/hal_entry.o
                0x00000c10                R_External_Interrupt
 .text.R_Ethernet_RxInterrupt
                0x00000cc4       0xa4 ./src/hal_entry.o
                0x00000cc4                R_Ethernet_RxInterrupt
 .text.R_BSP_WarmStart
                0x00000d68       0x18 ./src/hal_entry.o
                0x00000d68                R_BSP_WarmStart
 .text.startup.main
                0x00000d80        0xc ./ra_gen/main.o
                0x00000d80                main
 .text.R_IOPORT_Close
                0x00000d8c        0x8 ./ra/fsp/src/r_ioport/r_ioport.o
                0x00000d8c                R_IOPORT_Close
 .text.R_IOPORT_PinRead
                0x00000d94       0x1c ./ra/fsp/src/r_ioport/r_ioport.o
                0x00000d94                R_IOPORT_PinRead
 .text.R_IOPORT_PortRead
                0x00000db0       0x14 ./ra/fsp/src/r_ioport/r_ioport.o
                0x00000db0                R_IOPORT_PortRead
 .text.R_IOPORT_PortWrite
                0x00000dc4       0x1c ./ra/fsp/src/r_ioport/r_ioport.o
                0x00000dc4                R_IOPORT_PortWrite
 .text.R_IOPORT_PinWrite
                0x00000de0       0x20 ./ra/fsp/src/r_ioport/r_ioport.o
                0x00000de0                R_IOPORT_PinWrite
 .text.R_IOPORT_PortDirectionSet
                0x00000e00       0x28 ./ra/fsp/src/r_ioport/r_ioport.o
                0x00000e00                R_IOPORT_PortDirectionSet
 .text.R_IOPORT_PortEventInputRead
                0x00000e28       0x18 ./ra/fsp/src/r_ioport/r_ioport.o
                0x00000e28                R_IOPORT_PortEventInputRead
 .text.R_IOPORT_PinEventInputRead
                0x00000e40       0x30 ./ra/fsp/src/r_ioport/r_ioport.o
                0x00000e40                R_IOPORT_PinEventInputRead
 .text.R_IOPORT_PortEventOutputWrite
                0x00000e70       0x1c ./ra/fsp/src/r_ioport/r_ioport.o
                0x00000e70                R_IOPORT_PortEventOutputWrite
 .text.R_IOPORT_EthernetModeCfg
                0x00000e8c        0xc ./ra/fsp/src/r_ioport/r_ioport.o
                0x00000e8c                R_IOPORT_EthernetModeCfg
 .text.R_IOPORT_PinEventOutputWrite
                0x00000e98       0x38 ./ra/fsp/src/r_ioport/r_ioport.o
                0x00000e98                R_IOPORT_PinEventOutputWrite
 .text.bsp_vbatt_init
                0x00000ed0       0xac ./ra/fsp/src/r_ioport/r_ioport.o
 .text.r_ioport_pins_config
                0x00000f7c       0xac ./ra/fsp/src/r_ioport/r_ioport.o
 .text.R_IOPORT_Open
                0x00001028       0x18 ./ra/fsp/src/r_ioport/r_ioport.o
                0x00001028                R_IOPORT_Open
 .text.R_IOPORT_PinsCfg
                0x00001040        0xc ./ra/fsp/src/r_ioport/r_ioport.o
                0x00001040                R_IOPORT_PinsCfg
 .text.R_IOPORT_PinCfg
                0x0000104c       0xa8 ./ra/fsp/src/r_ioport/r_ioport.o
                0x0000104c                R_IOPORT_PinCfg
 .text.R_ICU_ExternalIrqOpen
                0x000010f4       0x80 ./ra/fsp/src/r_icu/r_icu.o
                0x000010f4                R_ICU_ExternalIrqOpen
 .text.R_ICU_ExternalIrqEnable
                0x00001174       0x40 ./ra/fsp/src/r_icu/r_icu.o
                0x00001174                R_ICU_ExternalIrqEnable
 .text.r_icu_isr
                0x000011b4       0x6c ./ra/fsp/src/r_icu/r_icu.o
                0x000011b4                r_icu_isr
 .text.R_ETHER_PHY_Close
                0x00001220       0x10 ./ra/fsp/src/r_ether_phy/r_ether_phy.o
                0x00001220                R_ETHER_PHY_Close
 .text.ether_phy_mii_write0.isra.0
                0x00001230       0x3c ./ra/fsp/src/r_ether_phy/r_ether_phy.o
 .text.ether_phy_mii_write1.isra.0
                0x0000126c       0x3c ./ra/fsp/src/r_ether_phy/r_ether_phy.o
 .text.ether_phy_trans_zto0.isra.0
                0x000012a8       0x38 ./ra/fsp/src/r_ether_phy/r_ether_phy.o
 .text.ether_phy_read
                0x000012e0       0xb8 ./ra/fsp/src/r_ether_phy/r_ether_phy.o
                0x000012e0                ether_phy_read
 .text.R_ETHER_PHY_LinkPartnerAbilityGet
                0x00001398       0x90 ./ra/fsp/src/r_ether_phy/r_ether_phy.o
                0x00001398                R_ETHER_PHY_LinkPartnerAbilityGet
 .text.R_ETHER_PHY_LinkStatusGet
                0x00001428       0x24 ./ra/fsp/src/r_ether_phy/r_ether_phy.o
                0x00001428                R_ETHER_PHY_LinkStatusGet
 .text.ether_phy_write
                0x0000144c       0x8c ./ra/fsp/src/r_ether_phy/r_ether_phy.o
                0x0000144c                ether_phy_write
 .text.R_ETHER_PHY_StartAutoNegotiate
                0x000014d8       0x38 ./ra/fsp/src/r_ether_phy/r_ether_phy.o
                0x000014d8                R_ETHER_PHY_StartAutoNegotiate
 .text.ether_phy_targets_initialize
                0x00001510        0x4 ./ra/fsp/src/r_ether_phy/r_ether_phy.o
                0x00001510                ether_phy_targets_initialize
 .text.R_ETHER_PHY_Open
                0x00001514       0x6c ./ra/fsp/src/r_ether_phy/r_ether_phy.o
                0x00001514                R_ETHER_PHY_Open
 .text.ether_do_link
                0x00001580      0x168 ./ra/fsp/src/r_ether/r_ether.o
 .text.R_ETHER_Close
                0x000016e8       0x98 ./ra/fsp/src/r_ether/r_ether.o
                0x000016e8                R_ETHER_Close
 .text.ether_init_buffers
                0x00001780       0x38 ./ra/fsp/src/r_ether/r_ether.o
 .text.R_ETHER_Open
                0x000017b8      0x15c ./ra/fsp/src/r_ether/r_ether.o
                0x000017b8                R_ETHER_Open
 .text.R_ETHER_Write
                0x00001914       0x7c ./ra/fsp/src/r_ether/r_ether.o
                0x00001914                R_ETHER_Write
 .text.R_ETHER_BufferRelease
                0x00001990       0x64 ./ra/fsp/src/r_ether/r_ether.o
                0x00001990                R_ETHER_BufferRelease
 .text.ether_configure_mac
                0x000019f4      0x1b8 ./ra/fsp/src/r_ether/r_ether.o
 .text.R_ETHER_LinkProcess
                0x00001bac      0x12c ./ra/fsp/src/r_ether/r_ether.o
                0x00001bac                R_ETHER_LinkProcess
 .text.R_ETHER_Read
                0x00001cd8       0xd4 ./ra/fsp/src/r_ether/r_ether.o
                0x00001cd8                R_ETHER_Read
 .text.ether_eint_isr
                0x00001dac       0x74 ./ra/fsp/src/r_ether/r_ether.o
                0x00001dac                ether_eint_isr
 .text.R_AGT_Start
                0x00001e20       0x1c ./ra/fsp/src/r_agt/r_agt.o
                0x00001e20                R_AGT_Start
 .text.R_AGT_Open
                0x00001e3c      0x118 ./ra/fsp/src/r_agt/r_agt.o
                0x00001e3c                R_AGT_Open
 .text.agt_int_isr
                0x00001f54       0x9c ./ra/fsp/src/r_agt/r_agt.o
                0x00001f54                agt_int_isr
 .text.SystemCoreClockUpdate
                0x00001ff0       0x28 ./ra/fsp/src/bsp/mcu/all/bsp_clocks.o
                0x00001ff0                SystemCoreClockUpdate
 .text.bsp_clock_init
                0x00002018      0x104 ./ra/fsp/src/bsp/mcu/all/bsp_clocks.o
                0x00002018                bsp_clock_init
 .text.bsp_init_internal
                0x0000211c        0x4 ./ra/fsp/src/bsp/mcu/all/bsp_common.o
                0x0000211c                bsp_init_internal
                0x0000211c                bsp_init
 .text.bsp_prv_software_delay_loop
                0x00002120        0xc ./ra/fsp/src/bsp/mcu/all/bsp_delay.o
                0x00002120                bsp_prv_software_delay_loop
 .text.R_BSP_SoftwareDelay
                0x0000212c       0x5c ./ra/fsp/src/bsp/mcu/all/bsp_delay.o
                0x0000212c                R_BSP_SoftwareDelay
 .text.NMI_Handler
                0x00002188       0x38 ./ra/fsp/src/bsp/mcu/all/bsp_group_irq.o
                0x00002188                NMI_Handler
 .text.bsp_irq_cfg
                0x000021c0       0x28 ./ra/fsp/src/bsp/mcu/all/bsp_irq.o
                0x000021c0                bsp_irq_cfg
 .text.R_BSP_RegisterProtectEnable
                0x000021e8       0x60 ./ra/fsp/src/bsp/mcu/all/bsp_register_protection.o
                0x000021e8                R_BSP_RegisterProtectEnable
 .text.R_BSP_RegisterProtectDisable
                0x00002248       0x54 ./ra/fsp/src/bsp/mcu/all/bsp_register_protection.o
                0x00002248                R_BSP_RegisterProtectDisable
 .text._sbrk    0x0000229c       0x3c ./ra/fsp/src/bsp/mcu/all/bsp_sbrk.o
                0x0000229c                _sbrk
 .text.Default_Handler
                0x000022d8        0x4 ./ra/fsp/src/bsp/cmsis/Device/RENESAS/Source/startup.o
                0x000022d8                DebugMon_Handler
                0x000022d8                HardFault_Handler
                0x000022d8                SysTick_Handler
                0x000022d8                PendSV_Handler
                0x000022d8                UsageFault_Handler
                0x000022d8                SecureFault_Handler
                0x000022d8                Default_Handler
                0x000022d8                MemManage_Handler
                0x000022d8                SVC_Handler
                0x000022d8                BusFault_Handler
 .text.Reset_Handler
                0x000022dc        0xc ./ra/fsp/src/bsp/cmsis/Device/RENESAS/Source/startup.o
                0x000022dc                Reset_Handler
 .text.SystemInit
                0x000022e8       0xc0 ./ra/fsp/src/bsp/cmsis/Device/RENESAS/Source/system.o
                0x000022e8                SystemInit
 .text.calloc   0x000023a8       0x10 c:/renesas/ra/e2studio_v2021-10_fsp_v3.5.0/toolchains/gcc_arm/gcc-arm-none-eabi-10.3-2021.10/bin/../lib/gcc/arm-none-eabi/10.3.1/../../../../arm-none-eabi/lib/thumb/v7e-m+fp/hard\libg_nano.a(lib_a-calloc.o)
                0x000023a8                calloc
 .text.__errno  0x000023b8        0xc c:/renesas/ra/e2studio_v2021-10_fsp_v3.5.0/toolchains/gcc_arm/gcc-arm-none-eabi-10.3-2021.10/bin/../lib/gcc/arm-none-eabi/10.3.1/../../../../arm-none-eabi/lib/thumb/v7e-m+fp/hard\libg_nano.a(lib_a-errno.o)
                0x000023b8                __errno
 .text.free     0x000023c4       0x10 c:/renesas/ra/e2studio_v2021-10_fsp_v3.5.0/toolchains/gcc_arm/gcc-arm-none-eabi-10.3-2021.10/bin/../lib/gcc/arm-none-eabi/10.3.1/../../../../arm-none-eabi/lib/thumb/v7e-m+fp/hard\libg_nano.a(lib_a-malloc.o)
                0x000023c4                free
 .text.memcpy   0x000023d4       0x1c c:/renesas/ra/e2studio_v2021-10_fsp_v3.5.0/toolchains/gcc_arm/gcc-arm-none-eabi-10.3-2021.10/bin/../lib/gcc/arm-none-eabi/10.3.1/../../../../arm-none-eabi/lib/thumb/v7e-m+fp/hard\libg_nano.a(lib_a-memcpy-stub.o)
                0x000023d4                memcpy
 .text.memset   0x000023f0       0x10 c:/renesas/ra/e2studio_v2021-10_fsp_v3.5.0/toolchains/gcc_arm/gcc-arm-none-eabi-10.3-2021.10/bin/../lib/gcc/arm-none-eabi/10.3.1/../../../../arm-none-eabi/lib/thumb/v7e-m+fp/hard\libg_nano.a(lib_a-memset.o)
                0x000023f0                memset
 .text._calloc_r
                0x00002400       0x2c c:/renesas/ra/e2studio_v2021-10_fsp_v3.5.0/toolchains/gcc_arm/gcc-arm-none-eabi-10.3-2021.10/bin/../lib/gcc/arm-none-eabi/10.3.1/../../../../arm-none-eabi/lib/thumb/v7e-m+fp/hard\libg_nano.a(lib_a-nano-callocr.o)
                0x00002400                _calloc_r
 .text._free_r  0x0000242c       0x98 c:/renesas/ra/e2studio_v2021-10_fsp_v3.5.0/toolchains/gcc_arm/gcc-arm-none-eabi-10.3-2021.10/bin/../lib/gcc/arm-none-eabi/10.3.1/../../../../arm-none-eabi/lib/thumb/v7e-m+fp/hard\libg_nano.a(lib_a-nano-freer.o)
                0x0000242c                _free_r
 .text.sbrk_aligned
                0x000024c4       0x40 c:/renesas/ra/e2studio_v2021-10_fsp_v3.5.0/toolchains/gcc_arm/gcc-arm-none-eabi-10.3-2021.10/bin/../lib/gcc/arm-none-eabi/10.3.1/../../../../arm-none-eabi/lib/thumb/v7e-m+fp/hard\libg_nano.a(lib_a-nano-mallocr.o)
 .text._malloc_r
                0x00002504       0xe8 c:/renesas/ra/e2studio_v2021-10_fsp_v3.5.0/toolchains/gcc_arm/gcc-arm-none-eabi-10.3-2021.10/bin/../lib/gcc/arm-none-eabi/10.3.1/../../../../arm-none-eabi/lib/thumb/v7e-m+fp/hard\libg_nano.a(lib_a-nano-mallocr.o)
                0x00002504                _malloc_r
 .text._sbrk_r  0x000025ec       0x20 c:/renesas/ra/e2studio_v2021-10_fsp_v3.5.0/toolchains/gcc_arm/gcc-arm-none-eabi-10.3-2021.10/bin/../lib/gcc/arm-none-eabi/10.3.1/../../../../arm-none-eabi/lib/thumb/v7e-m+fp/hard\libg_nano.a(lib_a-sbrkr.o)
                0x000025ec                _sbrk_r
 .text.__malloc_lock
                0x0000260c        0xc c:/renesas/ra/e2studio_v2021-10_fsp_v3.5.0/toolchains/gcc_arm/gcc-arm-none-eabi-10.3-2021.10/bin/../lib/gcc/arm-none-eabi/10.3.1/../../../../arm-none-eabi/lib/thumb/v7e-m+fp/hard\libg_nano.a(lib_a-mlock.o)
                0x0000260c                __malloc_lock
 .text.__malloc_unlock
                0x00002618        0xc c:/renesas/ra/e2studio_v2021-10_fsp_v3.5.0/toolchains/gcc_arm/gcc-arm-none-eabi-10.3-2021.10/bin/../lib/gcc/arm-none-eabi/10.3.1/../../../../arm-none-eabi/lib/thumb/v7e-m+fp/hard\libg_nano.a(lib_a-mlock.o)
                0x00002618                __malloc_unlock
 .text.__retarget_lock_acquire_recursive
                0x00002624        0x2 c:/renesas/ra/e2studio_v2021-10_fsp_v3.5.0/toolchains/gcc_arm/gcc-arm-none-eabi-10.3-2021.10/bin/../lib/gcc/arm-none-eabi/10.3.1/../../../../arm-none-eabi/lib/thumb/v7e-m+fp/hard\libg_nano.a(lib_a-lock.o)
                0x00002624                __retarget_lock_acquire_recursive
 .text.__retarget_lock_release_recursive
                0x00002626        0x2 c:/renesas/ra/e2studio_v2021-10_fsp_v3.5.0/toolchains/gcc_arm/gcc-arm-none-eabi-10.3-2021.10/bin/../lib/gcc/arm-none-eabi/10.3.1/../../../../arm-none-eabi/lib/thumb/v7e-m+fp/hard\libg_nano.a(lib_a-lock.o)
                0x00002626                __retarget_lock_release_recursive
 *(.version)
 .version       0x00002628       0x50 ./ra/fsp/src/bsp/mcu/all/bsp_common.o
 *(.init)
 .init          0x00002678        0x4 c:/renesas/ra/e2studio_v2021-10_fsp_v3.5.0/toolchains/gcc_arm/gcc-arm-none-eabi-10.3-2021.10/bin/../lib/gcc/arm-none-eabi/10.3.1/thumb/v7e-m+fp/hard/crti.o
                0x00002678                _init
 .init          0x0000267c        0x8 c:/renesas/ra/e2studio_v2021-10_fsp_v3.5.0/toolchains/gcc_arm/gcc-arm-none-eabi-10.3-2021.10/bin/../lib/gcc/arm-none-eabi/10.3.1/thumb/v7e-m+fp/hard/crtn.o
 *(.fini)
 .fini          0x00002684        0x4 c:/renesas/ra/e2studio_v2021-10_fsp_v3.5.0/toolchains/gcc_arm/gcc-arm-none-eabi-10.3-2021.10/bin/../lib/gcc/arm-none-eabi/10.3.1/thumb/v7e-m+fp/hard/crti.o
                0x00002684                _fini
 .fini          0x00002688        0x8 c:/renesas/ra/e2studio_v2021-10_fsp_v3.5.0/toolchains/gcc_arm/gcc-arm-none-eabi-10.3-2021.10/bin/../lib/gcc/arm-none-eabi/10.3.1/thumb/v7e-m+fp/hard/crtn.o
 *crtbegin.o(.ctors)
 *crtbegin?.o(.ctors)
 *(EXCLUDE_FILE(*crtend.o *crtend?.o) .ctors)
 *(SORT_BY_NAME(.ctors.*))
 *(.ctors)
 *crtbegin.o(.dtors)
 *crtbegin?.o(.dtors)
 *(EXCLUDE_FILE(*crtend.o *crtend?.o) .dtors)
 *(SORT_BY_NAME(.dtors.*))
 *(.dtors)
 *(.rodata*)
 .rodata        0x00002690       0x16 ./src/hal_entry.o
 *fill*         0x000026a6        0x2 ff
 .rodata.g_ioport
                0x000026a8        0xc ./ra_gen/common_data.o
                0x000026a8                g_ioport
 .rodata.g_ether0_cfg
                0x000026b4       0x40 ./ra_gen/hal_data.o
                0x000026b4                g_ether0_cfg
 .rodata.g_ether_phy0
                0x000026f4        0xc ./ra_gen/hal_data.o
                0x000026f4                g_ether_phy0
 .rodata.g_ether_phy0_cfg
                0x00002700       0x18 ./ra_gen/hal_data.o
                0x00002700                g_ether_phy0_cfg
 .rodata.g_external_irq11_cfg
                0x00002718       0x14 ./ra_gen/hal_data.o
                0x00002718                g_external_irq11_cfg
 .rodata.g_external_irq12_cfg
                0x0000272c       0x14 ./ra_gen/hal_data.o
                0x0000272c                g_external_irq12_cfg
 .rodata.g_external_irq13_cfg
                0x00002740       0x14 ./ra_gen/hal_data.o
                0x00002740                g_external_irq13_cfg
 .rodata.g_external_irq14_cfg
                0x00002754       0x14 ./ra_gen/hal_data.o
                0x00002754                g_external_irq14_cfg
 .rodata.g_timer0_cfg
                0x00002768       0x20 ./ra_gen/hal_data.o
                0x00002768                g_timer0_cfg
 .rodata.g_timer0_extend
                0x00002788        0x7 ./ra_gen/hal_data.o
                0x00002788                g_timer0_extend
 *fill*         0x0000278f        0x1 ff
 .rodata.g_bsp_pin_cfg
                0x00002790        0x8 ./ra_gen/pin_data.o
                0x00002790                g_bsp_pin_cfg
 .rodata.g_bsp_pin_cfg_data
                0x00002798       0xb0 ./ra_gen/pin_data.o
                0x00002798                g_bsp_pin_cfg_data
 .rodata.g_interrupt_event_link_select
                0x00002848       0xc0 ./ra_gen/vector_data.o
                0x00002848                g_interrupt_event_link_select
 .rodata.g_ioport_on_ioport
                0x00002908       0x38 ./ra/fsp/src/r_ioport/r_ioport.o
                0x00002908                g_ioport_on_ioport
 .rodata.g_ether_phy_on_ether_phy
                0x00002940       0x14 ./ra/fsp/src/r_ether_phy/r_ether_phy.o
                0x00002940                g_ether_phy_on_ether_phy
 .rodata.pause_resolution
                0x00002954       0x20 ./ra/fsp/src/r_ether/r_ether.o
 .rodata.g_prcr_masks
                0x00002974        0x8 ./ra/fsp/src/bsp/mcu/all/bsp_register_protection.o
 .rodata.__sf_fake_stderr
                0x0000297c       0x20 c:/renesas/ra/e2studio_v2021-10_fsp_v3.5.0/toolchains/gcc_arm/gcc-arm-none-eabi-10.3-2021.10/bin/../lib/gcc/arm-none-eabi/10.3.1/../../../../arm-none-eabi/lib/thumb/v7e-m+fp/hard\libc_nano.a(lib_a-findfp.o)
                0x0000297c                __sf_fake_stderr
 .rodata.__sf_fake_stdin
                0x0000299c       0x20 c:/renesas/ra/e2studio_v2021-10_fsp_v3.5.0/toolchains/gcc_arm/gcc-arm-none-eabi-10.3-2021.10/bin/../lib/gcc/arm-none-eabi/10.3.1/../../../../arm-none-eabi/lib/thumb/v7e-m+fp/hard\libc_nano.a(lib_a-findfp.o)
                0x0000299c                __sf_fake_stdin
 .rodata.__sf_fake_stdout
                0x000029bc       0x20 c:/renesas/ra/e2studio_v2021-10_fsp_v3.5.0/toolchains/gcc_arm/gcc-arm-none-eabi-10.3-2021.10/bin/../lib/gcc/arm-none-eabi/10.3.1/../../../../arm-none-eabi/lib/thumb/v7e-m+fp/hard\libc_nano.a(lib_a-findfp.o)
                0x000029bc                __sf_fake_stdout
                0x000029dc                __usb_dev_descriptor_start_fs = .
 *(.usb_device_desc_fs*)
                0x000029dc                __usb_cfg_descriptor_start_fs = .
 *(.usb_config_desc_fs*)
                0x000029dc                __usb_interface_descriptor_start_fs = .
 *(.usb_interface_desc_fs*)
                0x000029dc                __usb_descriptor_end_fs = .
                0x000029dc                __usb_dev_descriptor_start_hs = .
 *(.usb_device_desc_hs*)
                0x000029dc                __usb_cfg_descriptor_start_hs = .
 *(.usb_config_desc_hs*)
                0x000029dc                __usb_interface_descriptor_start_hs = .
 *(.usb_interface_desc_hs*)
                0x000029dc                __usb_descriptor_end_hs = .
 *(.eh_frame*)
 .eh_frame      0x000029dc        0x0 c:/renesas/ra/e2studio_v2021-10_fsp_v3.5.0/toolchains/gcc_arm/gcc-arm-none-eabi-10.3-2021.10/bin/../lib/gcc/arm-none-eabi/10.3.1/thumb/v7e-m+fp/hard/crtbegin.o
 .eh_frame      0x000029dc        0x4 c:/renesas/ra/e2studio_v2021-10_fsp_v3.5.0/toolchains/gcc_arm/gcc-arm-none-eabi-10.3-2021.10/bin/../lib/gcc/arm-none-eabi/10.3.1/thumb/v7e-m+fp/hard/crtend.o
                0x000029e0                __ROM_End = .
                0x000001c0                __Vectors_Size = (__Vectors_End - __Vectors)

.glue_7         0x000029e0        0x0
 .glue_7        0x000029e0        0x0 linker stubs

.glue_7t        0x000029e0        0x0
 .glue_7t       0x000029e0        0x0 linker stubs

.vfp11_veneer   0x000029e0        0x0
 .vfp11_veneer  0x000029e0        0x0 linker stubs

.v4_bx          0x000029e0        0x0
 .v4_bx         0x000029e0        0x0 linker stubs

.iplt           0x000029e0        0x0
 .iplt          0x000029e0        0x0 c:/renesas/ra/e2studio_v2021-10_fsp_v3.5.0/toolchains/gcc_arm/gcc-arm-none-eabi-10.3-2021.10/bin/../lib/gcc/arm-none-eabi/10.3.1/thumb/v7e-m+fp/hard/crtbegin.o

.ARM.extab
 *(.ARM.extab* .gnu.linkonce.armextab.*)
                0x000029e0                __exidx_start = .

.ARM.exidx
 *(.ARM.exidx* .gnu.linkonce.armexidx.*)
                0x000029e0                __exidx_end = .
                0x000029e0                __etext = .
                0x1ffe0000                __tz_RAM_S = ORIGIN (RAM)

.fsp_dtc_vector_table
                0x1ffe0000        0x0
                0x1ffe0000                . = ORIGIN (RAM)
 *(.fsp_dtc_vector_table)

.data           0x1ffe0000       0x84 load address 0x000029e0
                0x1ffe0000                __data_start__ = .
                0x1ffe0000                . = ALIGN (0x4)
                0x1ffe0000                __Code_In_RAM_Start = .
 *(.code_in_ram*)
                0x1ffe0000                __Code_In_RAM_End = .
 *(vtable)
 *(.data.*)
 .data.TAS_PREM_STATE
                0x1ffe0000        0x1 ./src/hal_entry.o
                0x1ffe0000                TAS_PREM_STATE
 *fill*         0x1ffe0001        0x1 
 .data.pointer  0x1ffe0002        0x2 ./src/hal_entry.o
                0x1ffe0002                pointer
 .data.task_mode_14
                0x1ffe0004        0x1 ./src/hal_entry.o
                0x1ffe0004                task_mode_14
 *fill*         0x1ffe0005        0x3 
 .data.g_ether0_mac_address
                0x1ffe0008        0x6 ./ra_gen/hal_data.o
                0x1ffe0008                g_ether0_mac_address
 *fill*         0x1ffe000e        0x2 
 .data.pp_g_ether0_ether_buffers
                0x1ffe0010        0x8 ./ra_gen/hal_data.o
                0x1ffe0010                pp_g_ether0_ether_buffers
 .data._impure_ptr
                0x1ffe0018        0x4 c:/renesas/ra/e2studio_v2021-10_fsp_v3.5.0/toolchains/gcc_arm/gcc-arm-none-eabi-10.3-2021.10/bin/../lib/gcc/arm-none-eabi/10.3.1/../../../../arm-none-eabi/lib/thumb/v7e-m+fp/hard\libg_nano.a(lib_a-impure.o)
                0x1ffe0018                _impure_ptr
 .data.impure_data
                0x1ffe001c       0x60 c:/renesas/ra/e2studio_v2021-10_fsp_v3.5.0/toolchains/gcc_arm/gcc-arm-none-eabi-10.3-2021.10/bin/../lib/gcc/arm-none-eabi/10.3.1/../../../../arm-none-eabi/lib/thumb/v7e-m+fp/hard\libg_nano.a(lib_a-impure.o)
 *(.data)
                0x1ffe007c                . = ALIGN (0x4)
                0x1ffe007c                PROVIDE (__preinit_array_start = .)
 *(.preinit_array)
                0x1ffe007c                PROVIDE (__preinit_array_end = .)
                0x1ffe007c                . = ALIGN (0x4)
                0x1ffe007c                PROVIDE (__init_array_start = .)
 *(SORT_BY_NAME(.init_array.*))
 *(.init_array)
 .init_array    0x1ffe007c        0x4 c:/renesas/ra/e2studio_v2021-10_fsp_v3.5.0/toolchains/gcc_arm/gcc-arm-none-eabi-10.3-2021.10/bin/../lib/gcc/arm-none-eabi/10.3.1/thumb/v7e-m+fp/hard/crtbegin.o
                0x1ffe0080                PROVIDE (__init_array_end = .)
                0x1ffe0080                . = ALIGN (0x4)
                [!provide]                PROVIDE (__fini_array_start = .)
 *(SORT_BY_NAME(.fini_array.*))
 *(.fini_array)
 .fini_array    0x1ffe0080        0x4 c:/renesas/ra/e2studio_v2021-10_fsp_v3.5.0/toolchains/gcc_arm/gcc-arm-none-eabi-10.3-2021.10/bin/../lib/gcc/arm-none-eabi/10.3.1/thumb/v7e-m+fp/hard/crtbegin.o
                [!provide]                PROVIDE (__fini_array_end = .)
 *(.jcr*)
                0x1ffe0084                . = ALIGN (0x4)
                0x1ffe0084                __data_end__ = .

.igot.plt       0x1ffe0084        0x0 load address 0x00002a64
 .igot.plt      0x1ffe0084        0x0 c:/renesas/ra/e2studio_v2021-10_fsp_v3.5.0/toolchains/gcc_arm/gcc-arm-none-eabi-10.3-2021.10/bin/../lib/gcc/arm-none-eabi/10.3.1/thumb/v7e-m+fp/hard/crtbegin.o

.gnu.sgstubs    0x00002c00        0x0
                0x00002c00                . = (DEFINED (PROJECT_SECURE) && DEFINED (FLASH_NSC_START))?ABSOLUTE (FLASH_NSC_START):ALIGN (0x400)
                0x00002c00                __tz_FLASH_C = DEFINED (FLASH_NSC_START)?ABSOLUTE (FLASH_NSC_START):__RESERVE_NS_RAM?ABSOLUTE ((FLASH_START + FLASH_LENGTH)):ALIGN (0x400)
                0x00002c00                _start_sg = .
 *(.gnu.sgstubs*)
                0x00002c00                . = ALIGN (0x20)
                0x00002c00                _end_sg = .
                0x00008000                __tz_FLASH_N = DEFINED (FLASH_NS_START)?ABSOLUTE (FLASH_NS_START):__RESERVE_NS_RAM?ABSOLUTE ((FLASH_START + FLASH_LENGTH)):(FLASH_LENGTH < 0x8000)?FLASH_LENGTH:ALIGN (0x8000)
                0x00008000                FLASH_NS_IMAGE_START = DEFINED (FLASH_NS_IMAGE_START)?FLASH_NS_IMAGE_START:__tz_FLASH_N
                0x60000000                __tz_QSPI_FLASH_S = ORIGIN (QSPI_FLASH)

.qspi_flash     0x60000000        0x0
                0x60000000                __qspi_flash_start__ = .
 *(.qspi_flash*)
 *(.code_in_qspi*)
                0x60000000                __qspi_flash_end__ = .
                0x00000000                __qspi_flash_code_size__ = (__qspi_flash_end__ - __qspi_flash_start__)
                0x00002a64                __qspi_flash_code_addr__ = (__etext + (__data_end__ - __data_start__))

.qspi_non_retentive
                0x60000000        0x0 load address 0x00002a64
                0x60000000                __qspi_non_retentive_start__ = .
 *(.qspi_non_retentive*)
                0x60000000                __qspi_non_retentive_end__ = .
                0x00000000                __qspi_non_retentive_size__ = (__qspi_non_retentive_end__ - __qspi_non_retentive_start__)
                0x04000000                __qspi_region_max_size__ = 0x4000000
                0x60000000                __qspi_region_start_address__ = __qspi_flash_start__
                0x64000000                __qspi_region_end_address__ = (__qspi_flash_start__ + __qspi_region_max_size__)
                0x60000000                __tz_QSPI_FLASH_N = __qspi_non_retentive_end__

.OSPI_DEVICE_0_NO_LOAD
                0x68000000        0x0
                0x68000000                . = ALIGN (0x4)
                0x68000000                __ospi_device_0_start__ = .
 *(.ospi_device_0_no_load*)
                0x68000000                . = ALIGN (0x4)
                0x68000000                __ospi_device_0_end__ = .

.OSPI_DEVICE_1_NO_LOAD
                0x70000000        0x0
                0x70000000                . = ALIGN (0x4)
                0x70000000                __ospi_device_1_start__ = .
 *(.ospi_device_1_no_load*)
                0x70000000                . = ALIGN (0x4)
                0x70000000                __ospi_device_1_end__ = .
                0x68000000                __tz_OSPI_DEVICE_0_S = ORIGIN (OSPI_DEVICE_0)

.OSPI_DEVICE_0  0x68000000        0x0
                0x68000000                __ospi_device_0_start__ = .
 *(.ospi_device_0*)
 *(.code_in_ospi_device_0*)
                0x68000000                __ospi_device_0_end__ = .
                0x00000000                __ospi_device_0_code_size__ = (__ospi_device_0_end__ - __ospi_device_0_start__)
                0x00002a64                __ospi_device_0_code_addr__ = (__etext + (__data_end__ - __data_start__))

.ospi_device_0_non_retentive
                0x68000000        0x0 load address 0x00002a64
                0x68000000                __ospi_device_0_non_retentive_start__ = .
 *(.ospi_device_0_non_retentive*)
                0x68000000                __ospi_device_0_non_retentive_end__ = .
                0x00000000                __ospi_device_0_non_retentive_size__ = (__ospi_device_0_non_retentive_end__ - __ospi_device_0_non_retentive_start__)
                0x08000000                __ospi_device_0_region_max_size__ = 0x8000000
                0x68000000                __ospi_device_0_region_start_address__ = __ospi_device_0_start__
                0x70000000                __ospi_device_0_region_end_address__ = (__ospi_device_0_start__ + __ospi_device_0_region_max_size__)
                0x68000000                __tz_OSPI_DEVICE_0_N = __ospi_device_0_non_retentive_end__
                0x70000000                __tz_OSPI_DEVICE_1_S = ORIGIN (OSPI_DEVICE_1)

.OSPI_DEVICE_1  0x70000000        0x0
                0x70000000                __ospi_device_1_start__ = .
 *(.ospi_device_1*)
 *(.code_in_ospi_device_1*)
                0x70000000                __ospi_device_1_end__ = .
                0x00000000                __ospi_device_1_code_size__ = (__ospi_device_1_end__ - __ospi_device_1_start__)
                0x00002a64                __ospi_device_1_code_addr__ = (__etext + (__data_end__ - __data_start__))

.ospi_device_1_non_retentive
                0x70000000        0x0 load address 0x00002a64
                0x70000000                __ospi_device_1_non_retentive_start__ = .
 *(.ospi_device_1_non_retentive*)
                0x70000000                __ospi_device_1_non_retentive_end__ = .
                0x00000000                __ospi_device_1_non_retentive_size__ = (__ospi_device_1_non_retentive_end__ - __ospi_device_1_non_retentive_start__)
                0x10000000                __ospi_device_1_region_max_size__ = 0x10000000
                0x70000000                __ospi_device_1_region_start_address__ = __ospi_device_1_start__
                0x80000000                __ospi_device_1_region_end_address__ = (__ospi_device_1_start__ + __ospi_device_1_region_max_size__)
                0x70000000                __tz_OSPI_DEVICE_1_N = __ospi_device_1_non_retentive_end__

.noinit         0x1ffe0084       0x1c
                0x1ffe0084                . = ALIGN (0x4)
                0x1ffe0084                __noinit_start = .
 *(.noinit*)
 .noinit        0x1ffe0084       0x18 ./ra/fsp/src/bsp/mcu/all/bsp_clocks.o
                0x1ffe00a0                . = ALIGN (0x8)
 *fill*         0x1ffe009c        0x4 
 *(.heap.*)
                0x1ffe00a0                __noinit_end = .

.bss            0x1ffe00a0     0x38f8
                0x1ffe00a0                . = ALIGN (0x4)
                0x1ffe00a0                __bss_start__ = .
 *(.bss*)
 .bss           0x1ffe00a0       0x1c c:/renesas/ra/e2studio_v2021-10_fsp_v3.5.0/toolchains/gcc_arm/gcc-arm-none-eabi-10.3-2021.10/bin/../lib/gcc/arm-none-eabi/10.3.1/thumb/v7e-m+fp/hard/crtbegin.o
 .bss.head      0x1ffe00bc       0x60 ./src/g_DataStructure.o
                0x1ffe00bc                head
 .bss.ptr       0x1ffe011c        0x4 ./src/g_DataStructure.o
                0x1ffe011c                ptr
 .bss.VLANTag   0x1ffe0120        0x4 ./src/g_Ethernet.o
                0x1ffe0120                VLANTag
 .bss.EthPrFrame
                0x1ffe0124      0x5f2 ./src/g_TSN_TAS.o
                0x1ffe0124                EthPrFrame
 *fill*         0x1ffe0716        0x2 
 .bss.EthPtFrame
                0x1ffe0718      0x5ee ./src/g_TSN_TAS.o
                0x1ffe0718                EthPtFrame
 *fill*         0x1ffe0d06        0x2 
 .bss.count     0x1ffe0d08        0x4 ./src/g_TSN_TAS.o
                0x1ffe0d08                count
 .bss.preemptable
                0x1ffe0d0c        0x4 ./src/g_TSN_TAS.o
                0x1ffe0d0c                preemptable
 .bss.readyState
                0x1ffe0d10        0x1 ./src/g_TSN_TAS.o
                0x1ffe0d10                readyState
 *fill*         0x1ffe0d11        0x3 
 .bss.time_conf
                0x1ffe0d14        0x4 ./src/g_TSN_TAS.o
                0x1ffe0d14                time_conf
 .bss.EthControl
                0x1ffe0d18      0x5ee ./src/hal_entry.o
                0x1ffe0d18                EthControl
 *fill*         0x1ffe1306        0x2 
 .bss.EthInterrupt
                0x1ffe1308      0x5f2 ./src/hal_entry.o
                0x1ffe1308                EthInterrupt
 *fill*         0x1ffe18fa        0x2 
 .bss.EthRxFrame
                0x1ffe18fc      0x5f2 ./src/hal_entry.o
                0x1ffe18fc                EthRxFrame
 *fill*         0x1ffe1eee        0x2 
 .bss.EthTxFrame
                0x1ffe1ef0      0x5ee ./src/hal_entry.o
                0x1ffe1ef0                EthTxFrame
 .bss.TAS_OPTIMIZE_MODE
                0x1ffe24de        0x1 ./src/hal_entry.o
                0x1ffe24de                TAS_OPTIMIZE_MODE
 *fill*         0x1ffe24df        0x1 
 .bss.agt_counter
                0x1ffe24e0        0x4 ./src/hal_entry.o
                0x1ffe24e0                agt_counter
 .bss.gate_mode
                0x1ffe24e4        0x1 ./src/hal_entry.o
                0x1ffe24e4                gate_mode
 *fill*         0x1ffe24e5        0x3 
 .bss.gp_read_buffer
                0x1ffe24e8      0x5ee ./src/hal_entry.o
                0x1ffe24e8                gp_read_buffer
 .bss.pSize     0x1ffe2ad6        0x2 ./src/hal_entry.o
                0x1ffe2ad6                pSize
 .bss.read_frame_size
                0x1ffe2ad8        0x4 ./src/hal_entry.o
                0x1ffe2ad8                read_frame_size
 .bss.timeStamp
                0x1ffe2adc        0x4 ./src/hal_entry.o
                0x1ffe2adc                timeStamp
 .bss.timeStampCheck
                0x1ffe2ae0        0x1 ./src/hal_entry.o
                0x1ffe2ae0                timeStampCheck
 *fill*         0x1ffe2ae1        0x3 
 .bss.g_ioport_ctrl
                0x1ffe2ae4        0x8 ./ra_gen/common_data.o
                0x1ffe2ae4                g_ioport_ctrl
 .bss.g_ether0_ctrl
                0x1ffe2aec       0x1c ./ra_gen/hal_data.o
                0x1ffe2aec                g_ether0_ctrl
 *fill*         0x1ffe2b08       0x18 
 .bss.g_ether0_ether_buffer0
                0x1ffe2b20      0x600 ./ra_gen/hal_data.o
                0x1ffe2b20                g_ether0_ether_buffer0
 .bss.g_ether0_ether_buffer1
                0x1ffe3120      0x600 ./ra_gen/hal_data.o
                0x1ffe3120                g_ether0_ether_buffer1
 .bss.g_ether0_rx_descriptors
                0x1ffe3720       0x10 ./ra_gen/hal_data.o
                0x1ffe3720                g_ether0_rx_descriptors
 .bss.g_ether0_tx_descriptors
                0x1ffe3730       0x10 ./ra_gen/hal_data.o
                0x1ffe3730                g_ether0_tx_descriptors
 .bss.g_ether_phy0_ctrl
                0x1ffe3740       0x10 ./ra_gen/hal_data.o
                0x1ffe3740                g_ether_phy0_ctrl
 .bss.g_external_irq11_ctrl
                0x1ffe3750       0x10 ./ra_gen/hal_data.o
                0x1ffe3750                g_external_irq11_ctrl
 .bss.g_external_irq12_ctrl
                0x1ffe3760       0x10 ./ra_gen/hal_data.o
                0x1ffe3760                g_external_irq12_ctrl
 .bss.g_external_irq13_ctrl
                0x1ffe3770       0x10 ./ra_gen/hal_data.o
                0x1ffe3770                g_external_irq13_ctrl
 .bss.g_external_irq14_ctrl
                0x1ffe3780       0x10 ./ra_gen/hal_data.o
                0x1ffe3780                g_external_irq14_ctrl
 .bss.g_timer0_ctrl
                0x1ffe3790       0x1c ./ra_gen/hal_data.o
                0x1ffe3790                g_timer0_ctrl
 .bss.gp_prv_agt_periods
                0x1ffe37ac        0x8 ./ra/fsp/src/r_agt/r_agt.o
 .bss.g_bsp_group_irq_sources
                0x1ffe37b4       0x40 ./ra/fsp/src/bsp/mcu/all/bsp_group_irq.o
                0x1ffe37b4                g_bsp_group_irq_sources
 .bss.g_protect_pfswe_counter
                0x1ffe37f4        0x4 ./ra/fsp/src/bsp/mcu/all/bsp_io.o
                0x1ffe37f4                g_protect_pfswe_counter
 .bss.gp_renesas_isr_context
                0x1ffe37f8      0x180 ./ra/fsp/src/bsp/mcu/all/bsp_irq.o
                0x1ffe37f8                gp_renesas_isr_context
 .bss.g_protect_counters
                0x1ffe3978        0x8 ./ra/fsp/src/bsp/mcu/all/bsp_register_protection.o
                0x1ffe3978                g_protect_counters
 .bss.current_heap_end.0
                0x1ffe3980        0x4 ./ra/fsp/src/bsp/mcu/all/bsp_sbrk.o
 .bss.SystemCoreClock
                0x1ffe3984        0x4 ./ra/fsp/src/bsp/cmsis/Device/RENESAS/Source/system.o
                0x1ffe3984                SystemCoreClock
 .bss.__malloc_free_list
                0x1ffe3988        0x4 c:/renesas/ra/e2studio_v2021-10_fsp_v3.5.0/toolchains/gcc_arm/gcc-arm-none-eabi-10.3-2021.10/bin/../lib/gcc/arm-none-eabi/10.3.1/../../../../arm-none-eabi/lib/thumb/v7e-m+fp/hard\libg_nano.a(lib_a-nano-mallocr.o)
                0x1ffe3988                __malloc_free_list
 .bss.__malloc_sbrk_start
                0x1ffe398c        0x4 c:/renesas/ra/e2studio_v2021-10_fsp_v3.5.0/toolchains/gcc_arm/gcc-arm-none-eabi-10.3-2021.10/bin/../lib/gcc/arm-none-eabi/10.3.1/../../../../arm-none-eabi/lib/thumb/v7e-m+fp/hard\libg_nano.a(lib_a-nano-mallocr.o)
                0x1ffe398c                __malloc_sbrk_start
 .bss.errno     0x1ffe3990        0x4 c:/renesas/ra/e2studio_v2021-10_fsp_v3.5.0/toolchains/gcc_arm/gcc-arm-none-eabi-10.3-2021.10/bin/../lib/gcc/arm-none-eabi/10.3.1/../../../../arm-none-eabi/lib/thumb/v7e-m+fp/hard\libg_nano.a(lib_a-reent.o)
                0x1ffe3990                errno
 .bss.__lock___malloc_recursive_mutex
                0x1ffe3994        0x1 c:/renesas/ra/e2studio_v2021-10_fsp_v3.5.0/toolchains/gcc_arm/gcc-arm-none-eabi-10.3-2021.10/bin/../lib/gcc/arm-none-eabi/10.3.1/../../../../arm-none-eabi/lib/thumb/v7e-m+fp/hard\libg_nano.a(lib_a-lock.o)
                0x1ffe3994                __lock___malloc_recursive_mutex
 *(COMMON)
                0x1ffe3998                . = ALIGN (0x4)
 *fill*         0x1ffe3995        0x3 
                0x1ffe3998                __bss_end__ = .

.heap           0x1ffe3998    0x10000
                0x1ffe3998                . = ALIGN (0x8)
                0x1ffe3998                __HeapBase = .
 *(.heap)
 .heap          0x1ffe3998    0x10000 ./ra/fsp/src/bsp/cmsis/Device/RENESAS/Source/startup.o
                0x1fff3998                __HeapLimit = .

.stack_dummy    0x1fff3998     0x4000
                0x1fff3998                . = ALIGN (0x8)
                0x1fff3998                __StackLimit = .
 *(.stack)
 .stack         0x1fff3998     0x4000 ./ra/fsp/src/bsp/cmsis/Device/RENESAS/Source/startup.o
                0x1fff7998                __StackTop = .
 *(.stack*)
                0x1fff7998                __StackTopAll = .
                0x1fff7998                PROVIDE (__stack = __StackTopAll)
                0x1fff7998                __RAM_segment_used_end__ = ALIGN (__StackTopAll, 0x4)
                0x1fff7c00                __tz_RAM_C = DEFINED (RAM_NSC_START)?ABSOLUTE (RAM_NSC_START):__RESERVE_NS_RAM?ABSOLUTE (RAM_NS_BUFFER_BLOCK_START):ALIGN (__RAM_segment_used_end__, 0x400)
                0x1fff8000                __tz_RAM_N = DEFINED (RAM_NS_START)?ABSOLUTE (RAM_NS_START):__RESERVE_NS_RAM?ABSOLUTE (RAM_NS_BUFFER_BLOCK_START):ALIGN (__tz_RAM_C, 0x2000)

.ns_buffer      0x1fff7998        0x0
                0x1fff7998                . = __RESERVE_NS_RAM?ABSOLUTE ((RAM_NS_BUFFER_START & 0xffffffe0)):.
 *(.ns_buffer*)

.data_flash     0x40100000        0x0
                0x40100000                . = ORIGIN (DATA_FLASH)
                0x40100000                __tz_DATA_FLASH_S = .
                0x40100000                __Data_Flash_Start = .
 *(.data_flash*)
                0x40100000                __Data_Flash_End = .
                0x40100000                __tz_DATA_FLASH_N = DEFINED (DATA_FLASH_NS_START)?ABSOLUTE (DATA_FLASH_NS_START):__RESERVE_NS_RAM?ABSOLUTE ((DATA_FLASH_START + DATA_FLASH_LENGTH)):ALIGN (0x400)
                0x90000000                __tz_SDRAM_S = ORIGIN (SDRAM)

.sdram          0x90000000        0x0
                0x90000000                __SDRAM_Start = .
 *(.sdram*)
 *(.frame*)
                0x90000000                __SDRAM_End = .
                0x90000000                __tz_SDRAM_N = __SDRAM_End
                0x0100a150                __tz_ID_CODE_S = ORIGIN (ID_CODE)

.id_code        0x0100a150       0x10
                0x0100a150                __ID_Code_Start = .
 *(.id_code*)
 .id_code       0x0100a150       0x10 ./ra/fsp/src/bsp/mcu/all/bsp_rom_registers.o
                0x0100a160                __ID_Code_End = .
                0x0100a160                __tz_ID_CODE_N = __ID_Code_End
                0x00000000                __tz_OPTION_SETTING_S = ORIGIN (OPTION_SETTING)

.rel.dyn        0x0100a160        0x0
 .rel.iplt      0x0100a160        0x0 c:/renesas/ra/e2studio_v2021-10_fsp_v3.5.0/toolchains/gcc_arm/gcc-arm-none-eabi-10.3-2021.10/bin/../lib/gcc/arm-none-eabi/10.3.1/thumb/v7e-m+fp/hard/crtbegin.o

.option_setting
                0x00000000        0x0
                0x00000000                __OPTION_SETTING_Start = .
 *(.option_setting_ofs0)
                0x00000000                . = PROJECT_SECURE_OR_FLAT?(__OPTION_SETTING_Start + 0x10):__OPTION_SETTING_Start
 *(.option_setting_dualsel)
                0x00000000                . = PROJECT_SECURE_OR_FLAT?(__OPTION_SETTING_Start + 0x34):__OPTION_SETTING_Start
 *(.option_setting_sas)
                0x00000000                __OPTION_SETTING_End = .
                0x0100a180                __tz_OPTION_SETTING_N = OPTION_SETTING_START_NS

.option_setting_ns
                0x00000000        0x0
                0x00000000                __OPTION_SETTING_NS_Start = .
 *(.option_setting_ofs1)
                0x00000000                . = USE_OPTION_SETTING_NS?(__OPTION_SETTING_NS_Start + 0x10):__OPTION_SETTING_NS_Start
 *(.option_setting_banksel)
                0x00000000                . = USE_OPTION_SETTING_NS?(__OPTION_SETTING_NS_Start + 0x40):__OPTION_SETTING_NS_Start
 *(.option_setting_bps0)
                0x00000000                . = USE_OPTION_SETTING_NS?(__OPTION_SETTING_NS_Start + 0x44):__OPTION_SETTING_NS_Start
 *(.option_setting_bps1)
                0x00000000                . = USE_OPTION_SETTING_NS?(__OPTION_SETTING_NS_Start + 0x48):__OPTION_SETTING_NS_Start
 *(.option_setting_bps2)
                0x00000000                . = USE_OPTION_SETTING_NS?(__OPTION_SETTING_NS_Start + 0x60):__OPTION_SETTING_NS_Start
 *(.option_setting_pbps0)
                0x00000000                . = USE_OPTION_SETTING_NS?(__OPTION_SETTING_NS_Start + 0x64):__OPTION_SETTING_NS_Start
 *(.option_setting_pbps1)
                0x00000000                . = USE_OPTION_SETTING_NS?(__OPTION_SETTING_NS_Start + 0x68):__OPTION_SETTING_NS_Start
 *(.option_setting_pbps2)
                0x00000000                __OPTION_SETTING_NS_End = .
                0x00000000                __tz_OPTION_SETTING_S_S = ORIGIN (OPTION_SETTING_S)

.option_setting_s
                0x00000000        0x0
                0x00000000                __OPTION_SETTING_S_Start = .
 *(.option_setting_ofs1_sec)
                0x00000000                . = PROJECT_SECURE_OR_FLAT?(__OPTION_SETTING_S_Start + 0x10):__OPTION_SETTING_S_Start
 *(.option_setting_banksel_sec)
                0x00000000                . = PROJECT_SECURE_OR_FLAT?(__OPTION_SETTING_S_Start + 0x40):__OPTION_SETTING_S_Start
 *(.option_setting_bps_sec0)
                0x00000000                . = PROJECT_SECURE_OR_FLAT?(__OPTION_SETTING_S_Start + 0x44):__OPTION_SETTING_S_Start
 *(.option_setting_bps_sec1)
                0x00000000                . = PROJECT_SECURE_OR_FLAT?(__OPTION_SETTING_S_Start + 0x48):__OPTION_SETTING_S_Start
 *(.option_setting_bps_sec2)
                0x00000000                . = PROJECT_SECURE_OR_FLAT?(__OPTION_SETTING_S_Start + 0x60):__OPTION_SETTING_S_Start
 *(.option_setting_pbps_sec0)
                0x00000000                . = PROJECT_SECURE_OR_FLAT?(__OPTION_SETTING_S_Start + 0x64):__OPTION_SETTING_S_Start
 *(.option_setting_pbps_sec1)
                0x00000000                . = PROJECT_SECURE_OR_FLAT?(__OPTION_SETTING_S_Start + 0x68):__OPTION_SETTING_S_Start
 *(.option_setting_pbps_sec2)
                0x00000000                . = PROJECT_SECURE_OR_FLAT?(__OPTION_SETTING_S_Start + 0x80):__OPTION_SETTING_S_Start
 *(.option_setting_ofs1_sel)
                0x00000000                . = PROJECT_SECURE_OR_FLAT?(__OPTION_SETTING_S_Start + 0x90):__OPTION_SETTING_S_Start
 *(.option_setting_banksel_sel)
                0x00000000                . = PROJECT_SECURE_OR_FLAT?(__OPTION_SETTING_S_Start + 0xc0):__OPTION_SETTING_S_Start
 *(.option_setting_bps_sel0)
                0x00000000                . = PROJECT_SECURE_OR_FLAT?(__OPTION_SETTING_S_Start + 0xc4):__OPTION_SETTING_S_Start
 *(.option_setting_bps_sel1)
                0x00000000                . = PROJECT_SECURE_OR_FLAT?(__OPTION_SETTING_S_Start + 0xc8):__OPTION_SETTING_S_Start
 *(.option_setting_bps_sel2)
                0x00000000                __OPTION_SETTING_S_End = .
                0x00000000                __tz_OPTION_SETTING_S_N = __OPTION_SETTING_S_End
OUTPUT(RA6M3_IEEE802_1QCI_WithTAS.elf elf32-littlearm)
LOAD linker stubs

.ARM.attributes
                0x00000000       0x30
 .ARM.attributes
                0x00000000       0x1e c:/renesas/ra/e2studio_v2021-10_fsp_v3.5.0/toolchains/gcc_arm/gcc-arm-none-eabi-10.3-2021.10/bin/../lib/gcc/arm-none-eabi/10.3.1/thumb/v7e-m+fp/hard/crti.o
 .ARM.attributes
                0x0000001e       0x34 c:/renesas/ra/e2studio_v2021-10_fsp_v3.5.0/toolchains/gcc_arm/gcc-arm-none-eabi-10.3-2021.10/bin/../lib/gcc/arm-none-eabi/10.3.1/thumb/v7e-m+fp/hard/crtbegin.o
 .ARM.attributes
                0x00000052       0x34 ./src/g_DataStructure.o
 .ARM.attributes
                0x00000086       0x34 ./src/g_DeviceDriver.o
 .ARM.attributes
                0x000000ba       0x34 ./src/g_Ethernet.o
 .ARM.attributes
                0x000000ee       0x34 ./src/g_TSN_TAS.o
 .ARM.attributes
                0x00000122       0x34 ./src/hal_entry.o
 .ARM.attributes
                0x00000156       0x34 ./ra_gen/common_data.o
 .ARM.attributes
                0x0000018a       0x34 ./ra_gen/hal_data.o
 .ARM.attributes
                0x000001be       0x34 ./ra_gen/main.o
 .ARM.attributes
                0x000001f2       0x34 ./ra_gen/pin_data.o
 .ARM.attributes
                0x00000226       0x34 ./ra_gen/vector_data.o
 .ARM.attributes
                0x0000025a       0x34 ./ra/fsp/src/r_ioport/r_ioport.o
 .ARM.attributes
                0x0000028e       0x34 ./ra/fsp/src/r_icu/r_icu.o
 .ARM.attributes
                0x000002c2       0x34 ./ra/fsp/src/r_ether_phy/r_ether_phy.o
 .ARM.attributes
                0x000002f6       0x34 ./ra/fsp/src/r_ether/r_ether.o
 .ARM.attributes
                0x0000032a       0x34 ./ra/fsp/src/r_agt/r_agt.o
 .ARM.attributes
                0x0000035e       0x34 ./ra/fsp/src/bsp/mcu/all/bsp_clocks.o
 .ARM.attributes
                0x00000392       0x34 ./ra/fsp/src/bsp/mcu/all/bsp_common.o
 .ARM.attributes
                0x000003c6       0x34 ./ra/fsp/src/bsp/mcu/all/bsp_delay.o
 .ARM.attributes
                0x000003fa       0x34 ./ra/fsp/src/bsp/mcu/all/bsp_group_irq.o
 .ARM.attributes
                0x0000042e       0x34 ./ra/fsp/src/bsp/mcu/all/bsp_io.o
 .ARM.attributes
                0x00000462       0x34 ./ra/fsp/src/bsp/mcu/all/bsp_irq.o
 .ARM.attributes
                0x00000496       0x34 ./ra/fsp/src/bsp/mcu/all/bsp_register_protection.o
 .ARM.attributes
                0x000004ca       0x34 ./ra/fsp/src/bsp/mcu/all/bsp_rom_registers.o
 .ARM.attributes
                0x000004fe       0x34 ./ra/fsp/src/bsp/mcu/all/bsp_sbrk.o
 .ARM.attributes
                0x00000532       0x34 ./ra/fsp/src/bsp/cmsis/Device/RENESAS/Source/startup.o
 .ARM.attributes
                0x00000566       0x34 ./ra/fsp/src/bsp/cmsis/Device/RENESAS/Source/system.o
 .ARM.attributes
                0x0000059a       0x34 c:/renesas/ra/e2studio_v2021-10_fsp_v3.5.0/toolchains/gcc_arm/gcc-arm-none-eabi-10.3-2021.10/bin/../lib/gcc/arm-none-eabi/10.3.1/../../../../arm-none-eabi/lib/thumb/v7e-m+fp/hard\libg_nano.a(lib_a-calloc.o)
 .ARM.attributes
                0x000005ce       0x34 c:/renesas/ra/e2studio_v2021-10_fsp_v3.5.0/toolchains/gcc_arm/gcc-arm-none-eabi-10.3-2021.10/bin/../lib/gcc/arm-none-eabi/10.3.1/../../../../arm-none-eabi/lib/thumb/v7e-m+fp/hard\libg_nano.a(lib_a-errno.o)
 .ARM.attributes
                0x00000602       0x34 c:/renesas/ra/e2studio_v2021-10_fsp_v3.5.0/toolchains/gcc_arm/gcc-arm-none-eabi-10.3-2021.10/bin/../lib/gcc/arm-none-eabi/10.3.1/../../../../arm-none-eabi/lib/thumb/v7e-m+fp/hard\libg_nano.a(lib_a-impure.o)
 .ARM.attributes
                0x00000636       0x34 c:/renesas/ra/e2studio_v2021-10_fsp_v3.5.0/toolchains/gcc_arm/gcc-arm-none-eabi-10.3-2021.10/bin/../lib/gcc/arm-none-eabi/10.3.1/../../../../arm-none-eabi/lib/thumb/v7e-m+fp/hard\libg_nano.a(lib_a-malloc.o)
 .ARM.attributes
                0x0000066a       0x34 c:/renesas/ra/e2studio_v2021-10_fsp_v3.5.0/toolchains/gcc_arm/gcc-arm-none-eabi-10.3-2021.10/bin/../lib/gcc/arm-none-eabi/10.3.1/../../../../arm-none-eabi/lib/thumb/v7e-m+fp/hard\libg_nano.a(lib_a-memcpy-stub.o)
 .ARM.attributes
                0x0000069e       0x34 c:/renesas/ra/e2studio_v2021-10_fsp_v3.5.0/toolchains/gcc_arm/gcc-arm-none-eabi-10.3-2021.10/bin/../lib/gcc/arm-none-eabi/10.3.1/../../../../arm-none-eabi/lib/thumb/v7e-m+fp/hard\libg_nano.a(lib_a-memset.o)
 .ARM.attributes
                0x000006d2       0x34 c:/renesas/ra/e2studio_v2021-10_fsp_v3.5.0/toolchains/gcc_arm/gcc-arm-none-eabi-10.3-2021.10/bin/../lib/gcc/arm-none-eabi/10.3.1/../../../../arm-none-eabi/lib/thumb/v7e-m+fp/hard\libg_nano.a(lib_a-nano-callocr.o)
 .ARM.attributes
                0x00000706       0x34 c:/renesas/ra/e2studio_v2021-10_fsp_v3.5.0/toolchains/gcc_arm/gcc-arm-none-eabi-10.3-2021.10/bin/../lib/gcc/arm-none-eabi/10.3.1/../../../../arm-none-eabi/lib/thumb/v7e-m+fp/hard\libg_nano.a(lib_a-nano-freer.o)
 .ARM.attributes
                0x0000073a       0x34 c:/renesas/ra/e2studio_v2021-10_fsp_v3.5.0/toolchains/gcc_arm/gcc-arm-none-eabi-10.3-2021.10/bin/../lib/gcc/arm-none-eabi/10.3.1/../../../../arm-none-eabi/lib/thumb/v7e-m+fp/hard\libg_nano.a(lib_a-nano-mallocr.o)
 .ARM.attributes
                0x0000076e       0x34 c:/renesas/ra/e2studio_v2021-10_fsp_v3.5.0/toolchains/gcc_arm/gcc-arm-none-eabi-10.3-2021.10/bin/../lib/gcc/arm-none-eabi/10.3.1/../../../../arm-none-eabi/lib/thumb/v7e-m+fp/hard\libg_nano.a(lib_a-sbrkr.o)
 .ARM.attributes
                0x000007a2       0x34 c:/renesas/ra/e2studio_v2021-10_fsp_v3.5.0/toolchains/gcc_arm/gcc-arm-none-eabi-10.3-2021.10/bin/../lib/gcc/arm-none-eabi/10.3.1/../../../../arm-none-eabi/lib/thumb/v7e-m+fp/hard\libg_nano.a(lib_a-mlock.o)
 .ARM.attributes
                0x000007d6       0x34 c:/renesas/ra/e2studio_v2021-10_fsp_v3.5.0/toolchains/gcc_arm/gcc-arm-none-eabi-10.3-2021.10/bin/../lib/gcc/arm-none-eabi/10.3.1/../../../../arm-none-eabi/lib/thumb/v7e-m+fp/hard\libg_nano.a(lib_a-reent.o)
 .ARM.attributes
                0x0000080a       0x34 c:/renesas/ra/e2studio_v2021-10_fsp_v3.5.0/toolchains/gcc_arm/gcc-arm-none-eabi-10.3-2021.10/bin/../lib/gcc/arm-none-eabi/10.3.1/../../../../arm-none-eabi/lib/thumb/v7e-m+fp/hard\libg_nano.a(lib_a-lock.o)
 .ARM.attributes
                0x0000083e       0x34 c:/renesas/ra/e2studio_v2021-10_fsp_v3.5.0/toolchains/gcc_arm/gcc-arm-none-eabi-10.3-2021.10/bin/../lib/gcc/arm-none-eabi/10.3.1/../../../../arm-none-eabi/lib/thumb/v7e-m+fp/hard\libc_nano.a(lib_a-findfp.o)
 .ARM.attributes
                0x00000872       0x34 c:/renesas/ra/e2studio_v2021-10_fsp_v3.5.0/toolchains/gcc_arm/gcc-arm-none-eabi-10.3-2021.10/bin/../lib/gcc/arm-none-eabi/10.3.1/thumb/v7e-m+fp/hard/crtend.o
 .ARM.attributes
                0x000008a6       0x1e c:/renesas/ra/e2studio_v2021-10_fsp_v3.5.0/toolchains/gcc_arm/gcc-arm-none-eabi-10.3-2021.10/bin/../lib/gcc/arm-none-eabi/10.3.1/thumb/v7e-m+fp/hard/crtn.o

.comment        0x00000000       0x49
 .comment       0x00000000       0x49 ./src/g_DataStructure.o
                                 0x4a (size before relaxing)
 .comment       0x00000049       0x4a ./src/g_DeviceDriver.o
 .comment       0x00000049       0x4a ./src/g_Ethernet.o
 .comment       0x00000049       0x4a ./src/g_TSN_TAS.o
 .comment       0x00000049       0x4a ./src/hal_entry.o
 .comment       0x00000049       0x4a ./ra_gen/common_data.o
 .comment       0x00000049       0x4a ./ra_gen/hal_data.o
 .comment       0x00000049       0x4a ./ra_gen/main.o
 .comment       0x00000049       0x4a ./ra_gen/pin_data.o
 .comment       0x00000049       0x4a ./ra_gen/vector_data.o
 .comment       0x00000049       0x4a ./ra/fsp/src/r_ioport/r_ioport.o
 .comment       0x00000049       0x4a ./ra/fsp/src/r_icu/r_icu.o
 .comment       0x00000049       0x4a ./ra/fsp/src/r_ether_phy/r_ether_phy.o
 .comment       0x00000049       0x4a ./ra/fsp/src/r_ether/r_ether.o
 .comment       0x00000049       0x4a ./ra/fsp/src/r_agt/r_agt.o
 .comment       0x00000049       0x4a ./ra/fsp/src/bsp/mcu/all/bsp_clocks.o
 .comment       0x00000049       0x4a ./ra/fsp/src/bsp/mcu/all/bsp_common.o
 .comment       0x00000049       0x4a ./ra/fsp/src/bsp/mcu/all/bsp_delay.o
 .comment       0x00000049       0x4a ./ra/fsp/src/bsp/mcu/all/bsp_group_irq.o
 .comment       0x00000049       0x4a ./ra/fsp/src/bsp/mcu/all/bsp_io.o
 .comment       0x00000049       0x4a ./ra/fsp/src/bsp/mcu/all/bsp_irq.o
 .comment       0x00000049       0x4a ./ra/fsp/src/bsp/mcu/all/bsp_register_protection.o
 .comment       0x00000049       0x4a ./ra/fsp/src/bsp/mcu/all/bsp_rom_registers.o
 .comment       0x00000049       0x4a ./ra/fsp/src/bsp/mcu/all/bsp_sbrk.o
 .comment       0x00000049       0x4a ./ra/fsp/src/bsp/cmsis/Device/RENESAS/Source/startup.o
 .comment       0x00000049       0x4a ./ra/fsp/src/bsp/cmsis/Device/RENESAS/Source/system.o

.debug_info     0x00000000    0x2d0a0
 .debug_info    0x00000000      0x59a ./src/g_DataStructure.o
 .debug_info    0x0000059a      0xb91 ./src/g_DeviceDriver.o
 .debug_info    0x0000112b     0x1977 ./src/g_Ethernet.o
 .debug_info    0x00002aa2      0x74b ./src/g_TSN_TAS.o
 .debug_info    0x000031ed     0x2d0e ./src/hal_entry.o
 .debug_info    0x00005efb     0x122f ./ra_gen/common_data.o
 .debug_info    0x0000712a     0x21ab ./ra_gen/hal_data.o
 .debug_info    0x000092d5       0xb1 ./ra_gen/main.o
 .debug_info    0x00009386      0x9e1 ./ra_gen/pin_data.o
 .debug_info    0x00009d67      0x9fd ./ra_gen/vector_data.o
 .debug_info    0x0000a764     0x6909 ./ra/fsp/src/r_ioport/r_ioport.o
 .debug_info    0x0001106d     0x1d87 ./ra/fsp/src/r_icu/r_icu.o
 .debug_info    0x00012df4     0x1ef8 ./ra/fsp/src/r_ether_phy/r_ether_phy.o
 .debug_info    0x00014cec     0x5064 ./ra/fsp/src/r_ether/r_ether.o
 .debug_info    0x00019d50     0x6cab ./ra/fsp/src/r_agt/r_agt.o
 .debug_info    0x000209fb     0x440f ./ra/fsp/src/bsp/mcu/all/bsp_clocks.o
 .debug_info    0x00024e0a      0x8a3 ./ra/fsp/src/bsp/mcu/all/bsp_common.o
 .debug_info    0x000256ad      0x1c8 ./ra/fsp/src/bsp/mcu/all/bsp_delay.o
 .debug_info    0x00025875     0x1370 ./ra/fsp/src/bsp/mcu/all/bsp_group_irq.o
 .debug_info    0x00026be5       0xaa ./ra/fsp/src/bsp/mcu/all/bsp_io.o
 .debug_info    0x00026c8f     0x1532 ./ra/fsp/src/bsp/mcu/all/bsp_irq.o
 .debug_info    0x000281c1     0x39e6 ./ra/fsp/src/bsp/mcu/all/bsp_register_protection.o
 .debug_info    0x0002bba7       0xdd ./ra/fsp/src/bsp/mcu/all/bsp_rom_registers.o
 .debug_info    0x0002bc84      0x142 ./ra/fsp/src/bsp/mcu/all/bsp_sbrk.o
 .debug_info    0x0002bdc6      0x16c ./ra/fsp/src/bsp/cmsis/Device/RENESAS/Source/startup.o
 .debug_info    0x0002bf32     0x116e ./ra/fsp/src/bsp/cmsis/Device/RENESAS/Source/system.o

.debug_abbrev   0x00000000     0x3aba
 .debug_abbrev  0x00000000      0x25a ./src/g_DataStructure.o
 .debug_abbrev  0x0000025a      0x20c ./src/g_DeviceDriver.o
 .debug_abbrev  0x00000466      0x2bc ./src/g_Ethernet.o
 .debug_abbrev  0x00000722      0x292 ./src/g_TSN_TAS.o
 .debug_abbrev  0x000009b4      0x309 ./src/hal_entry.o
 .debug_abbrev  0x00000cbd      0x150 ./ra_gen/common_data.o
 .debug_abbrev  0x00000e0d      0x295 ./ra_gen/hal_data.o
 .debug_abbrev  0x000010a2       0x66 ./ra_gen/main.o
 .debug_abbrev  0x00001108       0xdc ./ra_gen/pin_data.o
 .debug_abbrev  0x000011e4       0xa7 ./ra_gen/vector_data.o
 .debug_abbrev  0x0000128b      0x421 ./ra/fsp/src/r_ioport/r_ioport.o
 .debug_abbrev  0x000016ac      0x472 ./ra/fsp/src/r_icu/r_icu.o
 .debug_abbrev  0x00001b1e      0x393 ./ra/fsp/src/r_ether_phy/r_ether_phy.o
 .debug_abbrev  0x00001eb1      0x586 ./ra/fsp/src/r_ether/r_ether.o
 .debug_abbrev  0x00002437      0x536 ./ra/fsp/src/r_agt/r_agt.o
 .debug_abbrev  0x0000296d      0x382 ./ra/fsp/src/bsp/mcu/all/bsp_clocks.o
 .debug_abbrev  0x00002cef      0x177 ./ra/fsp/src/bsp/mcu/all/bsp_common.o
 .debug_abbrev  0x00002e66       0xf7 ./ra/fsp/src/bsp/mcu/all/bsp_delay.o
 .debug_abbrev  0x00002f5d      0x254 ./ra/fsp/src/bsp/mcu/all/bsp_group_irq.o
 .debug_abbrev  0x000031b1       0x5e ./ra/fsp/src/bsp/mcu/all/bsp_io.o
 .debug_abbrev  0x0000320f      0x1ad ./ra/fsp/src/bsp/mcu/all/bsp_irq.o
 .debug_abbrev  0x000033bc      0x277 ./ra/fsp/src/bsp/mcu/all/bsp_register_protection.o
 .debug_abbrev  0x00003633       0x5f ./ra/fsp/src/bsp/mcu/all/bsp_rom_registers.o
 .debug_abbrev  0x00003692       0xcc ./ra/fsp/src/bsp/mcu/all/bsp_sbrk.o
 .debug_abbrev  0x0000375e       0xe6 ./ra/fsp/src/bsp/cmsis/Device/RENESAS/Source/startup.o
 .debug_abbrev  0x00003844      0x276 ./ra/fsp/src/bsp/cmsis/Device/RENESAS/Source/system.o

.debug_loc      0x00000000     0x5cd8
 .debug_loc     0x00000000      0x3c2 ./src/g_DataStructure.o
 .debug_loc     0x000003c2      0x261 ./src/g_Ethernet.o
 .debug_loc     0x00000623      0x1fa ./src/g_TSN_TAS.o
 .debug_loc     0x0000081d      0x173 ./src/hal_entry.o
 .debug_loc     0x00000990      0xf75 ./ra/fsp/src/r_ioport/r_ioport.o
 .debug_loc     0x00001905      0x4ab ./ra/fsp/src/r_icu/r_icu.o
 .debug_loc     0x00001db0      0xb12 ./ra/fsp/src/r_ether_phy/r_ether_phy.o
 .debug_loc     0x000028c2     0x1ccf ./ra/fsp/src/r_ether/r_ether.o
 .debug_loc     0x00004591      0xe10 ./ra/fsp/src/r_agt/r_agt.o
 .debug_loc     0x000053a1      0x3cb ./ra/fsp/src/bsp/mcu/all/bsp_clocks.o
 .debug_loc     0x0000576c       0x25 ./ra/fsp/src/bsp/mcu/all/bsp_common.o
 .debug_loc     0x00005791      0x201 ./ra/fsp/src/bsp/mcu/all/bsp_delay.o
 .debug_loc     0x00005992       0xaa ./ra/fsp/src/bsp/mcu/all/bsp_group_irq.o
 .debug_loc     0x00005a3c       0x3f ./ra/fsp/src/bsp/mcu/all/bsp_irq.o
 .debug_loc     0x00005a7b      0x105 ./ra/fsp/src/bsp/mcu/all/bsp_register_protection.o
 .debug_loc     0x00005b80       0xf3 ./ra/fsp/src/bsp/mcu/all/bsp_sbrk.o
 .debug_loc     0x00005c73       0x65 ./ra/fsp/src/bsp/cmsis/Device/RENESAS/Source/system.o

.debug_aranges  0x00000000      0x5d0
 .debug_aranges
                0x00000000       0x38 ./src/g_DataStructure.o
 .debug_aranges
                0x00000038       0x30 ./src/g_DeviceDriver.o
 .debug_aranges
                0x00000068       0x38 ./src/g_Ethernet.o
 .debug_aranges
                0x000000a0       0x40 ./src/g_TSN_TAS.o
 .debug_aranges
                0x000000e0       0x48 ./src/hal_entry.o
 .debug_aranges
                0x00000128       0x20 ./ra_gen/common_data.o
 .debug_aranges
                0x00000148       0x20 ./ra_gen/hal_data.o
 .debug_aranges
                0x00000168       0x20 ./ra_gen/main.o
 .debug_aranges
                0x00000188       0x18 ./ra_gen/pin_data.o
 .debug_aranges
                0x000001a0       0x18 ./ra_gen/vector_data.o
 .debug_aranges
                0x000001b8       0x98 ./ra/fsp/src/r_ioport/r_ioport.o
 .debug_aranges
                0x00000250       0x48 ./ra/fsp/src/r_icu/r_icu.o
 .debug_aranges
                0x00000298       0x70 ./ra/fsp/src/r_ether_phy/r_ether_phy.o
 .debug_aranges
                0x00000308       0x80 ./ra/fsp/src/r_ether/r_ether.o
 .debug_aranges
                0x00000388       0x80 ./ra/fsp/src/r_agt/r_agt.o
 .debug_aranges
                0x00000408       0x60 ./ra/fsp/src/bsp/mcu/all/bsp_clocks.o
 .debug_aranges
                0x00000468       0x30 ./ra/fsp/src/bsp/mcu/all/bsp_common.o
 .debug_aranges
                0x00000498       0x28 ./ra/fsp/src/bsp/mcu/all/bsp_delay.o
 .debug_aranges
                0x000004c0       0x28 ./ra/fsp/src/bsp/mcu/all/bsp_group_irq.o
 .debug_aranges
                0x000004e8       0x18 ./ra/fsp/src/bsp/mcu/all/bsp_io.o
 .debug_aranges
                0x00000500       0x20 ./ra/fsp/src/bsp/mcu/all/bsp_irq.o
 .debug_aranges
                0x00000520       0x28 ./ra/fsp/src/bsp/mcu/all/bsp_register_protection.o
 .debug_aranges
                0x00000548       0x18 ./ra/fsp/src/bsp/mcu/all/bsp_rom_registers.o
 .debug_aranges
                0x00000560       0x20 ./ra/fsp/src/bsp/mcu/all/bsp_sbrk.o
 .debug_aranges
                0x00000580       0x28 ./ra/fsp/src/bsp/cmsis/Device/RENESAS/Source/startup.o
 .debug_aranges
                0x000005a8       0x28 ./ra/fsp/src/bsp/cmsis/Device/RENESAS/Source/system.o

.debug_ranges   0x00000000      0xe00
 .debug_ranges  0x00000000       0x28 ./src/g_DataStructure.o
 .debug_ranges  0x00000028       0x40 ./src/g_DeviceDriver.o
 .debug_ranges  0x00000068       0x70 ./src/g_Ethernet.o
 .debug_ranges  0x000000d8       0x60 ./src/g_TSN_TAS.o
 .debug_ranges  0x00000138       0x38 ./src/hal_entry.o
 .debug_ranges  0x00000170       0x10 ./ra_gen/common_data.o
 .debug_ranges  0x00000180       0x10 ./ra_gen/hal_data.o
 .debug_ranges  0x00000190       0x10 ./ra_gen/main.o
 .debug_ranges  0x000001a0      0x130 ./ra/fsp/src/r_ioport/r_ioport.o
 .debug_ranges  0x000002d0      0x128 ./ra/fsp/src/r_icu/r_icu.o
 .debug_ranges  0x000003f8       0xe0 ./ra/fsp/src/r_ether_phy/r_ether_phy.o
 .debug_ranges  0x000004d8      0x3e8 ./ra/fsp/src/r_ether/r_ether.o
 .debug_ranges  0x000008c0      0x288 ./ra/fsp/src/r_agt/r_agt.o
 .debug_ranges  0x00000b48      0x180 ./ra/fsp/src/bsp/mcu/all/bsp_clocks.o
 .debug_ranges  0x00000cc8       0x20 ./ra/fsp/src/bsp/mcu/all/bsp_common.o
 .debug_ranges  0x00000ce8       0x18 ./ra/fsp/src/bsp/mcu/all/bsp_delay.o
 .debug_ranges  0x00000d00       0x50 ./ra/fsp/src/bsp/mcu/all/bsp_group_irq.o
 .debug_ranges  0x00000d50       0x28 ./ra/fsp/src/bsp/mcu/all/bsp_irq.o
 .debug_ranges  0x00000d78       0x48 ./ra/fsp/src/bsp/mcu/all/bsp_register_protection.o
 .debug_ranges  0x00000dc0       0x10 ./ra/fsp/src/bsp/mcu/all/bsp_sbrk.o
 .debug_ranges  0x00000dd0       0x18 ./ra/fsp/src/bsp/cmsis/Device/RENESAS/Source/startup.o
 .debug_ranges  0x00000de8       0x18 ./ra/fsp/src/bsp/cmsis/Device/RENESAS/Source/system.o

.debug_line     0x00000000     0x8bff
 .debug_line    0x00000000      0x52b ./src/g_DataStructure.o
 .debug_line    0x0000052b      0x406 ./src/g_DeviceDriver.o
 .debug_line    0x00000931      0x60a ./src/g_Ethernet.o
 .debug_line    0x00000f3b      0x608 ./src/g_TSN_TAS.o
 .debug_line    0x00001543      0x852 ./src/hal_entry.o
 .debug_line    0x00001d95      0x31f ./ra_gen/common_data.o
 .debug_line    0x000020b4      0x3b3 ./ra_gen/hal_data.o
 .debug_line    0x00002467       0x5e ./ra_gen/main.o
 .debug_line    0x000024c5      0x1f6 ./ra_gen/pin_data.o
 .debug_line    0x000026bb       0xf7 ./ra_gen/vector_data.o
 .debug_line    0x000027b2      0xbbb ./ra/fsp/src/r_ioport/r_ioport.o
 .debug_line    0x0000336d      0x798 ./ra/fsp/src/r_icu/r_icu.o
 .debug_line    0x00003b05      0xa7e ./ra/fsp/src/r_ether_phy/r_ether_phy.o
 .debug_line    0x00004583     0x161a ./ra/fsp/src/r_ether/r_ether.o
 .debug_line    0x00005b9d      0xd25 ./ra/fsp/src/r_agt/r_agt.o
 .debug_line    0x000068c2      0x842 ./ra/fsp/src/bsp/mcu/all/bsp_clocks.o
 .debug_line    0x00007104      0x2b6 ./ra/fsp/src/bsp/mcu/all/bsp_common.o
 .debug_line    0x000073ba      0x2cb ./ra/fsp/src/bsp/mcu/all/bsp_delay.o
 .debug_line    0x00007685      0x32f ./ra/fsp/src/bsp/mcu/all/bsp_group_irq.o
 .debug_line    0x000079b4      0x1ae ./ra/fsp/src/bsp/mcu/all/bsp_io.o
 .debug_line    0x00007b62      0x2f5 ./ra/fsp/src/bsp/mcu/all/bsp_irq.o
 .debug_line    0x00007e57      0x3e5 ./ra/fsp/src/bsp/mcu/all/bsp_register_protection.o
 .debug_line    0x0000823c      0x161 ./ra/fsp/src/bsp/mcu/all/bsp_rom_registers.o
 .debug_line    0x0000839d      0x1e7 ./ra/fsp/src/bsp/mcu/all/bsp_sbrk.o
 .debug_line    0x00008584      0x232 ./ra/fsp/src/bsp/cmsis/Device/RENESAS/Source/startup.o
 .debug_line    0x000087b6      0x449 ./ra/fsp/src/bsp/cmsis/Device/RENESAS/Source/system.o

.debug_str      0x00000000     0xbbd6
 .debug_str     0x00000000      0x329 ./src/g_DataStructure.o
                                0x3c4 (size before relaxing)
 .debug_str     0x00000329      0x8c9 ./src/g_DeviceDriver.o
                                0xad5 (size before relaxing)
 .debug_str     0x00000bf2     0x35e9 ./src/g_Ethernet.o
                               0x39e6 (size before relaxing)
 .debug_str     0x000041db      0x1b4 ./src/g_TSN_TAS.o
                                0x577 (size before relaxing)
 .debug_str     0x0000438f      0x82d ./src/hal_entry.o
                               0x44d1 (size before relaxing)
 .debug_str     0x00004bbc       0x47 ./ra_gen/common_data.o
                               0x3201 (size before relaxing)
 .debug_str     0x00004c03      0x7ba ./ra_gen/hal_data.o
                               0x3197 (size before relaxing)
 .debug_str     0x000053bd       0x16 ./ra_gen/main.o
                                0x1b5 (size before relaxing)
 .debug_str     0x000053d3      0x5d6 ./ra_gen/pin_data.o
                               0x1cc5 (size before relaxing)
 .debug_str     0x000059a9     0x2276 ./ra_gen/vector_data.o
                               0x2405 (size before relaxing)
 .debug_str     0x00007c1f     0x1d3d ./ra/fsp/src/r_ioport/r_ioport.o
                               0x543e (size before relaxing)
 .debug_str     0x0000995c      0x52e ./ra/fsp/src/r_icu/r_icu.o
                               0x22b6 (size before relaxing)
 .debug_str     0x00009e8a      0x404 ./ra/fsp/src/r_ether_phy/r_ether_phy.o
                               0x2093 (size before relaxing)
 .debug_str     0x0000a28e      0x8cd ./ra/fsp/src/r_ether/r_ether.o
                               0x3700 (size before relaxing)
 .debug_str     0x0000ab5b      0x2b5 ./ra/fsp/src/r_agt/r_agt.o
                               0x43c4 (size before relaxing)
 .debug_str     0x0000ae10      0x69b ./ra/fsp/src/bsp/mcu/all/bsp_clocks.o
                               0x1eaa (size before relaxing)
 .debug_str     0x0000b4ab       0xef ./ra/fsp/src/bsp/mcu/all/bsp_common.o
                               0x19f7 (size before relaxing)
 .debug_str     0x0000b59a       0xbc ./ra/fsp/src/bsp/mcu/all/bsp_delay.o
                                0x2de (size before relaxing)
 .debug_str     0x0000b656      0x1de ./ra/fsp/src/bsp/mcu/all/bsp_group_irq.o
                               0x1f1e (size before relaxing)
 .debug_str     0x0000b834       0x23 ./ra/fsp/src/bsp/mcu/all/bsp_io.o
                                0x1de (size before relaxing)
 .debug_str     0x0000b857       0x30 ./ra/fsp/src/bsp/mcu/all/bsp_irq.o
                               0x2881 (size before relaxing)
 .debug_str     0x0000b887       0x88 ./ra/fsp/src/bsp/mcu/all/bsp_register_protection.o
                               0x188a (size before relaxing)
 .debug_str     0x0000b90f       0x51 ./ra/fsp/src/bsp/mcu/all/bsp_rom_registers.o
                                0x1f4 (size before relaxing)
 .debug_str     0x0000b960       0x96 ./ra/fsp/src/bsp/mcu/all/bsp_sbrk.o
                                0x23f (size before relaxing)
 .debug_str     0x0000b9f6       0x89 ./ra/fsp/src/bsp/cmsis/Device/RENESAS/Source/startup.o
                                0x22f (size before relaxing)
 .debug_str     0x0000ba7f      0x157 ./ra/fsp/src/bsp/cmsis/Device/RENESAS/Source/system.o
                                0x89e (size before relaxing)

.debug_frame    0x00000000     0x10bc
 .debug_frame   0x00000000       0xa4 ./src/g_DataStructure.o
 .debug_frame   0x000000a4       0x70 ./src/g_DeviceDriver.o
 .debug_frame   0x00000114       0x90 ./src/g_Ethernet.o
 .debug_frame   0x000001a4       0xa8 ./src/g_TSN_TAS.o
 .debug_frame   0x0000024c       0xdc ./src/hal_entry.o
 .debug_frame   0x00000328       0x20 ./ra_gen/common_data.o
 .debug_frame   0x00000348       0x20 ./ra_gen/hal_data.o
 .debug_frame   0x00000368       0x28 ./ra_gen/main.o
 .debug_frame   0x00000390      0x174 ./ra/fsp/src/r_ioport/r_ioport.o
 .debug_frame   0x00000504       0xb8 ./ra/fsp/src/r_icu/r_icu.o
 .debug_frame   0x000005bc      0x118 ./ra/fsp/src/r_ether_phy/r_ether_phy.o
 .debug_frame   0x000006d4      0x1d8 ./ra/fsp/src/r_ether/r_ether.o
 .debug_frame   0x000008ac      0x130 ./ra/fsp/src/r_agt/r_agt.o
 .debug_frame   0x000009dc       0xe8 ./ra/fsp/src/bsp/mcu/all/bsp_clocks.o
 .debug_frame   0x00000ac4       0x40 ./ra/fsp/src/bsp/mcu/all/bsp_common.o
 .debug_frame   0x00000b04       0x44 ./ra/fsp/src/bsp/mcu/all/bsp_delay.o
 .debug_frame   0x00000b48       0x3c ./ra/fsp/src/bsp/mcu/all/bsp_group_irq.o
 .debug_frame   0x00000b84       0x2c ./ra/fsp/src/bsp/mcu/all/bsp_irq.o
 .debug_frame   0x00000bb0       0x48 ./ra/fsp/src/bsp/mcu/all/bsp_register_protection.o
 .debug_frame   0x00000bf8       0x28 ./ra/fsp/src/bsp/mcu/all/bsp_sbrk.o
 .debug_frame   0x00000c20       0x38 ./ra/fsp/src/bsp/cmsis/Device/RENESAS/Source/startup.o
 .debug_frame   0x00000c58       0x44 ./ra/fsp/src/bsp/cmsis/Device/RENESAS/Source/system.o
 .debug_frame   0x00000c9c       0x20 c:/renesas/ra/e2studio_v2021-10_fsp_v3.5.0/toolchains/gcc_arm/gcc-arm-none-eabi-10.3-2021.10/bin/../lib/gcc/arm-none-eabi/10.3.1/../../../../arm-none-eabi/lib/thumb/v7e-m+fp/hard\libg_nano.a(lib_a-calloc.o)
 .debug_frame   0x00000cbc       0x20 c:/renesas/ra/e2studio_v2021-10_fsp_v3.5.0/toolchains/gcc_arm/gcc-arm-none-eabi-10.3-2021.10/bin/../lib/gcc/arm-none-eabi/10.3.1/../../../../arm-none-eabi/lib/thumb/v7e-m+fp/hard\libg_nano.a(lib_a-errno.o)
 .debug_frame   0x00000cdc       0x30 c:/renesas/ra/e2studio_v2021-10_fsp_v3.5.0/toolchains/gcc_arm/gcc-arm-none-eabi-10.3-2021.10/bin/../lib/gcc/arm-none-eabi/10.3.1/../../../../arm-none-eabi/lib/thumb/v7e-m+fp/hard\libg_nano.a(lib_a-malloc.o)
 .debug_frame   0x00000d0c       0x28 c:/renesas/ra/e2studio_v2021-10_fsp_v3.5.0/toolchains/gcc_arm/gcc-arm-none-eabi-10.3-2021.10/bin/../lib/gcc/arm-none-eabi/10.3.1/../../../../arm-none-eabi/lib/thumb/v7e-m+fp/hard\libg_nano.a(lib_a-memcpy-stub.o)
 .debug_frame   0x00000d34       0x20 c:/renesas/ra/e2studio_v2021-10_fsp_v3.5.0/toolchains/gcc_arm/gcc-arm-none-eabi-10.3-2021.10/bin/../lib/gcc/arm-none-eabi/10.3.1/../../../../arm-none-eabi/lib/thumb/v7e-m+fp/hard\libg_nano.a(lib_a-memset.o)
 .debug_frame   0x00000d54       0x30 c:/renesas/ra/e2studio_v2021-10_fsp_v3.5.0/toolchains/gcc_arm/gcc-arm-none-eabi-10.3-2021.10/bin/../lib/gcc/arm-none-eabi/10.3.1/../../../../arm-none-eabi/lib/thumb/v7e-m+fp/hard\libg_nano.a(lib_a-nano-callocr.o)
 .debug_frame   0x00000d84       0x38 c:/renesas/ra/e2studio_v2021-10_fsp_v3.5.0/toolchains/gcc_arm/gcc-arm-none-eabi-10.3-2021.10/bin/../lib/gcc/arm-none-eabi/10.3.1/../../../../arm-none-eabi/lib/thumb/v7e-m+fp/hard\libg_nano.a(lib_a-nano-freer.o)
 .debug_frame   0x00000dbc       0x4c c:/renesas/ra/e2studio_v2021-10_fsp_v3.5.0/toolchains/gcc_arm/gcc-arm-none-eabi-10.3-2021.10/bin/../lib/gcc/arm-none-eabi/10.3.1/../../../../arm-none-eabi/lib/thumb/v7e-m+fp/hard\libg_nano.a(lib_a-nano-mallocr.o)
 .debug_frame   0x00000e08       0x2c c:/renesas/ra/e2studio_v2021-10_fsp_v3.5.0/toolchains/gcc_arm/gcc-arm-none-eabi-10.3-2021.10/bin/../lib/gcc/arm-none-eabi/10.3.1/../../../../arm-none-eabi/lib/thumb/v7e-m+fp/hard\libg_nano.a(lib_a-sbrkr.o)
 .debug_frame   0x00000e34       0x30 c:/renesas/ra/e2studio_v2021-10_fsp_v3.5.0/toolchains/gcc_arm/gcc-arm-none-eabi-10.3-2021.10/bin/../lib/gcc/arm-none-eabi/10.3.1/../../../../arm-none-eabi/lib/thumb/v7e-m+fp/hard\libg_nano.a(lib_a-mlock.o)
 .debug_frame   0x00000e64       0x5c c:/renesas/ra/e2studio_v2021-10_fsp_v3.5.0/toolchains/gcc_arm/gcc-arm-none-eabi-10.3-2021.10/bin/../lib/gcc/arm-none-eabi/10.3.1/../../../../arm-none-eabi/lib/thumb/v7e-m+fp/hard\libg_nano.a(lib_a-reent.o)
 .debug_frame   0x00000ec0       0xb0 c:/renesas/ra/e2studio_v2021-10_fsp_v3.5.0/toolchains/gcc_arm/gcc-arm-none-eabi-10.3-2021.10/bin/../lib/gcc/arm-none-eabi/10.3.1/../../../../arm-none-eabi/lib/thumb/v7e-m+fp/hard\libg_nano.a(lib_a-lock.o)
 .debug_frame   0x00000f70      0x14c c:/renesas/ra/e2studio_v2021-10_fsp_v3.5.0/toolchains/gcc_arm/gcc-arm-none-eabi-10.3-2021.10/bin/../lib/gcc/arm-none-eabi/10.3.1/../../../../arm-none-eabi/lib/thumb/v7e-m+fp/hard\libc_nano.a(lib_a-findfp.o)
